================================================================================
[CONFIG] P3单机全量采集 - 20260708_102309
[CONFIG] CARLA: 127.0.0.1:2000
[CONFIG] 外参: t=(0.000,0.000,2.175) q=(0.0000,0.0000,0.0000,0.0000)
[CONFIG] 外参文件: /apollo_workspace/modules/drivers/lidar/velodyne/params/velodyne64_novatel_extrinsics.yaml
[CONFIG] 话题: PC=/apollo/sensor/velodyne64/compensator/PointCloud2（P3本地Bridge发布）
[CONFIG] 话题: OBS=/apollo/perception/obstacles（跨机器→Orin）
[CONFIG] 话题: LOC=/apollo/localization/pose（跨机器→Orin）
[CONFIG] CARLA可用: True
================================================================================

# ═══════════════════════════════════════════
# 采集脚本说明
#
# 数据来源：
#   [GT]    CARLA Ground Truth（P3本地只读连接）
#   [PC]    原始点云（P3本地Bridge发布的补偿后点云）
#   [OBS]   Apollo感知结果（跨机器订阅Orin的CenterPoint输出）
#   [LOC]   Apollo定位位姿（跨机器订阅Orin的localization模块）
#
# 标签约定：
#   以 [TAG] 开头的是数据行，可使用 grep '^\[TAG\]' 过滤
#   以 # 开头的是中文注释行，解释字段含义和正常指标范围
#
# 数据流：Bridge tick CARLA → 发点云 → Orin推理 → 感知结果回传
# 注意：感知结果比GT/点云滞后约1~2帧，已取最新值
# ═══════════════════════════════════════════

[CONFIG] CARLA已连接: True
[FRAME] frame=1 ts=1783477392.121 gt_frame=22 ego_pose=False n_pc_pts=6243 n_gt_npc=0 n_obs=0 pc_dt_ms=0
# 帧号=1 | 仿真时间=1783477392.121s | GT帧=22 | 点云=6243点 | 帧间隔=0ms | CARLA NPC=0个 | 感知障碍物=0个
# 注：感知回调触发写入，点云和GT可能滞后0~2帧（取最新值）
# 注：点云帧间隔应稳定在 100ms（10Hz），如出现 300ms+ 说明有点云丢帧

[GT_EGO] id=197 x=334.961 y=-141.965 z=0.034 yaw=-1.314 vel=0.00
# 自车位姿（Apollo 坐标系）| 位置=(334.96, -141.96, 0.03)m | 朝向=-1.31rad | 速度=0.00m/s
# 注：坐标经 CARLA→Apollo 转换（y取反，yaw取反转弧度）


[PC] total=6243 x=[-25.15,48.17] y=[-46.12,49.16] z=[-5.02,1.68] int_mean=243.1 int_med=246.0 ground_pct=79.9
# 原始点云（LiDAR坐标系）| 总点数=6243 | x范围=[-25.15, 48.17]m | y范围=[-46.12, 49.16]m | z范围=[-5.02, 1.68]m | 强度均值=243.1 | 地面点比例=79.9%
# 注：64线激光雷达 ~13000点/帧 为正常，~6500点可能是 rotation_frequency 偏高（20Hz）
# 注：地面点比例 >70% 说明车体上点少，检测会困难

[PC_ON_NPC] 无CARLA GT数据 carla_connected=True
# 注：CARLA连接状态=True，无NPC，无法统计bbox内点数
# 注：如果 carla_connected=False 说明 CARLA 线程还没连上或已断开
[MATCH] frame=1 total_gt=0 detected=0 missed=0 missed_with_pts=0 missed_no_pts=0 false_positive=0
# 帧匹配汇总 | GT总数=0 | 检测到=0 | 漏检=0 | 误报=0
# 漏检中：有点云=0个 | 无点云=0个
# 注：有点云但漏检 → 模型或参数问题；无点云漏检 → 物理或坐标变换问题
# 距离分桶 | 近(0-15m): 0/0 | 中(15-30m): 0/0 | 远(>30m): 0/0

[FRAME] frame=2 ts=1783477392.214 gt_frame=23 ego_pose=False n_pc_pts=6269 n_gt_npc=0 n_obs=0 pc_dt_ms=100.7
# 帧号=2 | 仿真时间=1783477392.214s | GT帧=23 | 点云=6269点 | 帧间隔=100.7ms | CARLA NPC=0个 | 感知障碍物=0个
# 注：感知回调触发写入，点云和GT可能滞后0~2帧（取最新值）
# 注：点云帧间隔应稳定在 100ms（10Hz），如出现 300ms+ 说明有点云丢帧

[GT_EGO] id=197 x=334.961 y=-141.965 z=0.034 yaw=-1.314 vel=0.00
# 自车位姿（Apollo 坐标系）| 位置=(334.96, -141.96, 0.03)m | 朝向=-1.31rad | 速度=0.00m/s
# 注：坐标经 CARLA→Apollo 转换（y取反，yaw取反转弧度）


[PC] total=6269 x=[-25.15,47.73] y=[-46.08,49.16] z=[-5.02,1.68] int_mean=243.0 int_med=246.0 ground_pct=80.3
# 原始点云（LiDAR坐标系）| 总点数=6269 | x范围=[-25.15, 47.73]m | y范围=[-46.08, 49.16]m | z范围=[-5.02, 1.68]m | 强度均值=243.0 | 地面点比例=80.3%
# 注：64线激光雷达 ~13000点/帧 为正常，~6500点可能是 rotation_frequency 偏高（20Hz）
# 注：地面点比例 >70% 说明车体上点少，检测会困难

[PC_ON_NPC] 无CARLA GT数据 carla_connected=True
# 注：CARLA连接状态=True，无NPC，无法统计bbox内点数
# 注：如果 carla_connected=False 说明 CARLA 线程还没连上或已断开
[MATCH] frame=2 total_gt=0 detected=0 missed=0 missed_with_pts=0 missed_no_pts=0 false_positive=0
# 帧匹配汇总 | GT总数=0 | 检测到=0 | 漏检=0 | 误报=0
# 漏检中：有点云=0个 | 无点云=0个
# 注：有点云但漏检 → 模型或参数问题；无点云漏检 → 物理或坐标变换问题
# 距离分桶 | 近(0-15m): 0/0 | 中(15-30m): 0/0 | 远(>30m): 0/0

[FRAME] frame=3 ts=1783477392.313 gt_frame=24 ego_pose=False n_pc_pts=6324 n_gt_npc=0 n_obs=0 pc_dt_ms=99.6
# 帧号=3 | 仿真时间=1783477392.313s | GT帧=24 | 点云=6324点 | 帧间隔=99.6ms | CARLA NPC=0个 | 感知障碍物=0个
# 注：感知回调触发写入，点云和GT可能滞后0~2帧（取最新值）
# 注：点云帧间隔应稳定在 100ms（10Hz），如出现 300ms+ 说明有点云丢帧

[GT_EGO] id=197 x=334.961 y=-141.965 z=0.034 yaw=-1.314 vel=0.00
# 自车位姿（Apollo 坐标系）| 位置=(334.96, -141.96, 0.03)m | 朝向=-1.31rad | 速度=0.00m/s
# 注：坐标经 CARLA→Apollo 转换（y取反，yaw取反转弧度）


[PC] total=6324 x=[-25.15,47.57] y=[-46.12,46.58] z=[-5.02,1.68] int_mean=243.0 int_med=246.0 ground_pct=79.5
# 原始点云（LiDAR坐标系）| 总点数=6324 | x范围=[-25.15, 47.57]m | y范围=[-46.12, 46.58]m | z范围=[-5.02, 1.68]m | 强度均值=243.0 | 地面点比例=79.5%
# 注：64线激光雷达 ~13000点/帧 为正常，~6500点可能是 rotation_frequency 偏高（20Hz）
# 注：地面点比例 >70% 说明车体上点少，检测会困难

[PC_ON_NPC] 无CARLA GT数据 carla_connected=True
# 注：CARLA连接状态=True，无NPC，无法统计bbox内点数
# 注：如果 carla_connected=False 说明 CARLA 线程还没连上或已断开
[MATCH] frame=3 total_gt=0 detected=0 missed=0 missed_with_pts=0 missed_no_pts=0 false_positive=0
# 帧匹配汇总 | GT总数=0 | 检测到=0 | 漏检=0 | 误报=0
# 漏检中：有点云=0个 | 无点云=0个
# 注：有点云但漏检 → 模型或参数问题；无点云漏检 → 物理或坐标变换问题
# 距离分桶 | 近(0-15m): 0/0 | 中(15-30m): 0/0 | 远(>30m): 0/0

[FRAME] frame=4 ts=1783477392.413 gt_frame=25 ego_pose=False n_pc_pts=6271 n_gt_npc=0 n_obs=0 pc_dt_ms=100.0
# 帧号=4 | 仿真时间=1783477392.413s | GT帧=25 | 点云=6271点 | 帧间隔=100.0ms | CARLA NPC=0个 | 感知障碍物=0个
# 注：感知回调触发写入，点云和GT可能滞后0~2帧（取最新值）
# 注：点云帧间隔应稳定在 100ms（10Hz），如出现 300ms+ 说明有点云丢帧

[GT_EGO] id=197 x=334.961 y=-141.965 z=0.034 yaw=-1.314 vel=0.00
# 自车位姿（Apollo 坐标系）| 位置=(334.96, -141.96, 0.03)m | 朝向=-1.31rad | 速度=0.00m/s
# 注：坐标经 CARLA→Apollo 转换（y取反，yaw取反转弧度）


[PC] total=6271 x=[-25.15,48.17] y=[-46.12,49.16] z=[-5.02,1.68] int_mean=243.1 int_med=246.0 ground_pct=80.4
# 原始点云（LiDAR坐标系）| 总点数=6271 | x范围=[-25.15, 48.17]m | y范围=[-46.12, 49.16]m | z范围=[-5.02, 1.68]m | 强度均值=243.1 | 地面点比例=80.4%
# 注：64线激光雷达 ~13000点/帧 为正常，~6500点可能是 rotation_frequency 偏高（20Hz）
# 注：地面点比例 >70% 说明车体上点少，检测会困难

[PC_ON_NPC] 无CARLA GT数据 carla_connected=True
# 注：CARLA连接状态=True，无NPC，无法统计bbox内点数
# 注：如果 carla_connected=False 说明 CARLA 线程还没连上或已断开
[MATCH] frame=4 total_gt=0 detected=0 missed=0 missed_with_pts=0 missed_no_pts=0 false_positive=0
# 帧匹配汇总 | GT总数=0 | 检测到=0 | 漏检=0 | 误报=0
# 漏检中：有点云=0个 | 无点云=0个
# 注：有点云但漏检 → 模型或参数问题；无点云漏检 → 物理或坐标变换问题
# 距离分桶 | 近(0-15m): 0/0 | 中(15-30m): 0/0 | 远(>30m): 0/0

[FRAME] frame=5 ts=1783477392.517 gt_frame=26 ego_pose=False n_pc_pts=6294 n_gt_npc=0 n_obs=0 pc_dt_ms=100.0
# 帧号=5 | 仿真时间=1783477392.517s | GT帧=26 | 点云=6294点 | 帧间隔=100.0ms | CARLA NPC=0个 | 感知障碍物=0个
# 注：感知回调触发写入，点云和GT可能滞后0~2帧（取最新值）
# 注：点云帧间隔应稳定在 100ms（10Hz），如出现 300ms+ 说明有点云丢帧

[GT_EGO] id=197 x=334.961 y=-141.965 z=0.034 yaw=-1.314 vel=0.00
# 自车位姿（Apollo 坐标系）| 位置=(334.96, -141.96, 0.03)m | 朝向=-1.31rad | 速度=0.00m/s
# 注：坐标经 CARLA→Apollo 转换（y取反，yaw取反转弧度）


[PC] total=6294 x=[-24.68,48.17] y=[-46.12,46.58] z=[-4.73,1.61] int_mean=243.1 int_med=246.0 ground_pct=80.3
# 原始点云（LiDAR坐标系）| 总点数=6294 | x范围=[-24.68, 48.17]m | y范围=[-46.12, 46.58]m | z范围=[-4.73, 1.61]m | 强度均值=243.1 | 地面点比例=80.3%
# 注：64线激光雷达 ~13000点/帧 为正常，~6500点可能是 rotation_frequency 偏高（20Hz）
# 注：地面点比例 >70% 说明车体上点少，检测会困难

[PC_ON_NPC] 无CARLA GT数据 carla_connected=True
# 注：CARLA连接状态=True，无NPC，无法统计bbox内点数
# 注：如果 carla_connected=False 说明 CARLA 线程还没连上或已断开
[MATCH] frame=5 total_gt=0 detected=0 missed=0 missed_with_pts=0 missed_no_pts=0 false_positive=0
# 帧匹配汇总 | GT总数=0 | 检测到=0 | 漏检=0 | 误报=0
# 漏检中：有点云=0个 | 无点云=0个
# 注：有点云但漏检 → 模型或参数问题；无点云漏检 → 物理或坐标变换问题
# 距离分桶 | 近(0-15m): 0/0 | 中(15-30m): 0/0 | 远(>30m): 0/0

[FRAME] frame=6 ts=1783477392.615 gt_frame=27 ego_pose=False n_pc_pts=6353 n_gt_npc=0 n_obs=0 pc_dt_ms=100.1
# 帧号=6 | 仿真时间=1783477392.615s | GT帧=27 | 点云=6353点 | 帧间隔=100.1ms | CARLA NPC=0个 | 感知障碍物=0个
# 注：感知回调触发写入，点云和GT可能滞后0~2帧（取最新值）
# 注：点云帧间隔应稳定在 100ms（10Hz），如出现 300ms+ 说明有点云丢帧

[GT_EGO] id=197 x=334.961 y=-141.965 z=0.034 yaw=-1.314 vel=0.00
# 自车位姿（Apollo 坐标系）| 位置=(334.96, -141.96, 0.03)m | 朝向=-1.31rad | 速度=0.00m/s
# 注：坐标经 CARLA→Apollo 转换（y取反，yaw取反转弧度）


[PC] total=6353 x=[-25.15,48.17] y=[-45.85,46.58] z=[-4.49,1.68] int_mean=243.1 int_med=246.0 ground_pct=80.4
# 原始点云（LiDAR坐标系）| 总点数=6353 | x范围=[-25.15, 48.17]m | y范围=[-45.85, 46.58]m | z范围=[-4.49, 1.68]m | 强度均值=243.1 | 地面点比例=80.4%
# 注：64线激光雷达 ~13000点/帧 为正常，~6500点可能是 rotation_frequency 偏高（20Hz）
# 注：地面点比例 >70% 说明车体上点少，检测会困难

[PC_ON_NPC] 无CARLA GT数据 carla_connected=True
# 注：CARLA连接状态=True，无NPC，无法统计bbox内点数
# 注：如果 carla_connected=False 说明 CARLA 线程还没连上或已断开
[MATCH] frame=6 total_gt=0 detected=0 missed=0 missed_with_pts=0 missed_no_pts=0 false_positive=0
# 帧匹配汇总 | GT总数=0 | 检测到=0 | 漏检=0 | 误报=0
# 漏检中：有点云=0个 | 无点云=0个
# 注：有点云但漏检 → 模型或参数问题；无点云漏检 → 物理或坐标变换问题
# 距离分桶 | 近(0-15m): 0/0 | 中(15-30m): 0/0 | 远(>30m): 0/0

[FRAME] frame=7 ts=1783477392.716 gt_frame=28 ego_pose=False n_pc_pts=6317 n_gt_npc=0 n_obs=0 pc_dt_ms=100.1
# 帧号=7 | 仿真时间=1783477392.716s | GT帧=28 | 点云=6317点 | 帧间隔=100.1ms | CARLA NPC=0个 | 感知障碍物=0个
# 注：感知回调触发写入，点云和GT可能滞后0~2帧（取最新值）
# 注：点云帧间隔应稳定在 100ms（10Hz），如出现 300ms+ 说明有点云丢帧

[GT_EGO] id=197 x=334.961 y=-141.965 z=0.034 yaw=-1.314 vel=0.00
# 自车位姿（Apollo 坐标系）| 位置=(334.96, -141.96, 0.03)m | 朝向=-1.31rad | 速度=0.00m/s
# 注：坐标经 CARLA→Apollo 转换（y取反，yaw取反转弧度）


[PC] total=6317 x=[-23.75,48.17] y=[-45.57,46.32] z=[-5.02,1.39] int_mean=243.1 int_med=246.0 ground_pct=80.3
# 原始点云（LiDAR坐标系）| 总点数=6317 | x范围=[-23.75, 48.17]m | y范围=[-45.57, 46.32]m | z范围=[-5.02, 1.39]m | 强度均值=243.1 | 地面点比例=80.3%
# 注：64线激光雷达 ~13000点/帧 为正常，~6500点可能是 rotation_frequency 偏高（20Hz）
# 注：地面点比例 >70% 说明车体上点少，检测会困难

[PC_ON_NPC] 无CARLA GT数据 carla_connected=True
# 注：CARLA连接状态=True，无NPC，无法统计bbox内点数
# 注：如果 carla_connected=False 说明 CARLA 线程还没连上或已断开
[MATCH] frame=7 total_gt=0 detected=0 missed=0 missed_with_pts=0 missed_no_pts=0 false_positive=0
# 帧匹配汇总 | GT总数=0 | 检测到=0 | 漏检=0 | 误报=0
# 漏检中：有点云=0个 | 无点云=0个
# 注：有点云但漏检 → 模型或参数问题；无点云漏检 → 物理或坐标变换问题
# 距离分桶 | 近(0-15m): 0/0 | 中(15-30m): 0/0 | 远(>30m): 0/0

[FRAME] frame=8 ts=1783477392.815 gt_frame=29 ego_pose=False n_pc_pts=6277 n_gt_npc=0 n_obs=0 pc_dt_ms=99.7
# 帧号=8 | 仿真时间=1783477392.815s | GT帧=29 | 点云=6277点 | 帧间隔=99.7ms | CARLA NPC=0个 | 感知障碍物=0个
# 注：感知回调触发写入，点云和GT可能滞后0~2帧（取最新值）
# 注：点云帧间隔应稳定在 100ms（10Hz），如出现 300ms+ 说明有点云丢帧

[GT_EGO] id=197 x=334.961 y=-141.965 z=0.034 yaw=-1.314 vel=0.00
# 自车位姿（Apollo 坐标系）| 位置=(334.96, -141.96, 0.03)m | 朝向=-1.31rad | 速度=0.00m/s
# 注：坐标经 CARLA→Apollo 转换（y取反，yaw取反转弧度）


[PC] total=6277 x=[-25.15,47.73] y=[-46.08,49.16] z=[-5.02,1.68] int_mean=243.1 int_med=246.0 ground_pct=80.1
# 原始点云（LiDAR坐标系）| 总点数=6277 | x范围=[-25.15, 47.73]m | y范围=[-46.08, 49.16]m | z范围=[-5.02, 1.68]m | 强度均值=243.1 | 地面点比例=80.1%
# 注：64线激光雷达 ~13000点/帧 为正常，~6500点可能是 rotation_frequency 偏高（20Hz）
# 注：地面点比例 >70% 说明车体上点少，检测会困难

[PC_ON_NPC] 无CARLA GT数据 carla_connected=True
# 注：CARLA连接状态=True，无NPC，无法统计bbox内点数
# 注：如果 carla_connected=False 说明 CARLA 线程还没连上或已断开
[MATCH] frame=8 total_gt=0 detected=0 missed=0 missed_with_pts=0 missed_no_pts=0 false_positive=0
# 帧匹配汇总 | GT总数=0 | 检测到=0 | 漏检=0 | 误报=0
# 漏检中：有点云=0个 | 无点云=0个
# 注：有点云但漏检 → 模型或参数问题；无点云漏检 → 物理或坐标变换问题
# 距离分桶 | 近(0-15m): 0/0 | 中(15-30m): 0/0 | 远(>30m): 0/0

[FRAME] frame=9 ts=1783477392.916 gt_frame=30 ego_pose=False n_pc_pts=6220 n_gt_npc=0 n_obs=0 pc_dt_ms=100.2
# 帧号=9 | 仿真时间=1783477392.916s | GT帧=30 | 点云=6220点 | 帧间隔=100.2ms | CARLA NPC=0个 | 感知障碍物=0个
# 注：感知回调触发写入，点云和GT可能滞后0~2帧（取最新值）
# 注：点云帧间隔应稳定在 100ms（10Hz），如出现 300ms+ 说明有点云丢帧

[GT_EGO] id=197 x=334.961 y=-141.965 z=0.034 yaw=-1.314 vel=0.00
# 自车位姿（Apollo 坐标系）| 位置=(334.96, -141.96, 0.03)m | 朝向=-1.31rad | 速度=0.00m/s
# 注：坐标经 CARLA→Apollo 转换（y取反，yaw取反转弧度）


[PC] total=6220 x=[-24.68,48.17] y=[-45.57,49.16] z=[-4.49,1.37] int_mean=243.1 int_med=246.0 ground_pct=80.0
# 原始点云（LiDAR坐标系）| 总点数=6220 | x范围=[-24.68, 48.17]m | y范围=[-45.57, 49.16]m | z范围=[-4.49, 1.37]m | 强度均值=243.1 | 地面点比例=80.0%
# 注：64线激光雷达 ~13000点/帧 为正常，~6500点可能是 rotation_frequency 偏高（20Hz）
# 注：地面点比例 >70% 说明车体上点少，检测会困难

[PC_ON_NPC] 无CARLA GT数据 carla_connected=True
# 注：CARLA连接状态=True，无NPC，无法统计bbox内点数
# 注：如果 carla_connected=False 说明 CARLA 线程还没连上或已断开
[MATCH] frame=9 total_gt=0 detected=0 missed=0 missed_with_pts=0 missed_no_pts=0 false_positive=0
# 帧匹配汇总 | GT总数=0 | 检测到=0 | 漏检=0 | 误报=0
# 漏检中：有点云=0个 | 无点云=0个
# 注：有点云但漏检 → 模型或参数问题；无点云漏检 → 物理或坐标变换问题
# 距离分桶 | 近(0-15m): 0/0 | 中(15-30m): 0/0 | 远(>30m): 0/0

[FRAME] frame=10 ts=1783477393.015 gt_frame=31 ego_pose=False n_pc_pts=6311 n_gt_npc=0 n_obs=0 pc_dt_ms=99.9
# 帧号=10 | 仿真时间=1783477393.015s | GT帧=31 | 点云=6311点 | 帧间隔=99.9ms | CARLA NPC=0个 | 感知障碍物=0个
# 注：感知回调触发写入，点云和GT可能滞后0~2帧（取最新值）
# 注：点云帧间隔应稳定在 100ms（10Hz），如出现 300ms+ 说明有点云丢帧

[GT_EGO] id=197 x=334.961 y=-141.965 z=0.034 yaw=-1.314 vel=0.00
# 自车位姿（Apollo 坐标系）| 位置=(334.96, -141.96, 0.03)m | 朝向=-1.31rad | 速度=0.00m/s
# 注：坐标经 CARLA→Apollo 转换（y取反，yaw取反转弧度）


[PC] total=6311 x=[-25.15,48.17] y=[-45.85,49.16] z=[-5.02,1.68] int_mean=243.1 int_med=246.0 ground_pct=79.8
# 原始点云（LiDAR坐标系）| 总点数=6311 | x范围=[-25.15, 48.17]m | y范围=[-45.85, 49.16]m | z范围=[-5.02, 1.68]m | 强度均值=243.1 | 地面点比例=79.8%
# 注：64线激光雷达 ~13000点/帧 为正常，~6500点可能是 rotation_frequency 偏高（20Hz）
# 注：地面点比例 >70% 说明车体上点少，检测会困难

[PC_ON_NPC] 无CARLA GT数据 carla_connected=True
# 注：CARLA连接状态=True，无NPC，无法统计bbox内点数
# 注：如果 carla_connected=False 说明 CARLA 线程还没连上或已断开
[MATCH] frame=10 total_gt=0 detected=0 missed=0 missed_with_pts=0 missed_no_pts=0 false_positive=0
# 帧匹配汇总 | GT总数=0 | 检测到=0 | 漏检=0 | 误报=0
# 漏检中：有点云=0个 | 无点云=0个
# 注：有点云但漏检 → 模型或参数问题；无点云漏检 → 物理或坐标变换问题
# 距离分桶 | 近(0-15m): 0/0 | 中(15-30m): 0/0 | 远(>30m): 0/0

[FRAME] frame=11 ts=1783477393.132 gt_frame=32 ego_pose=False n_pc_pts=6389 n_gt_npc=0 n_obs=0 pc_dt_ms=100.0
# 帧号=11 | 仿真时间=1783477393.132s | GT帧=32 | 点云=6389点 | 帧间隔=100.0ms | CARLA NPC=0个 | 感知障碍物=0个
# 注：感知回调触发写入，点云和GT可能滞后0~2帧（取最新值）
# 注：点云帧间隔应稳定在 100ms（10Hz），如出现 300ms+ 说明有点云丢帧

[GT_EGO] id=197 x=334.961 y=-141.965 z=0.034 yaw=-1.314 vel=0.00
# 自车位姿（Apollo 坐标系）| 位置=(334.96, -141.96, 0.03)m | 朝向=-1.31rad | 速度=0.00m/s
# 注：坐标经 CARLA→Apollo 转换（y取反，yaw取反转弧度）


[PC] total=6389 x=[-24.68,47.82] y=[-46.12,49.16] z=[-5.02,1.61] int_mean=243.1 int_med=246.0 ground_pct=80.6
# 原始点云（LiDAR坐标系）| 总点数=6389 | x范围=[-24.68, 47.82]m | y范围=[-46.12, 49.16]m | z范围=[-5.02, 1.61]m | 强度均值=243.1 | 地面点比例=80.6%
# 注：64线激光雷达 ~13000点/帧 为正常，~6500点可能是 rotation_frequency 偏高（20Hz）
# 注：地面点比例 >70% 说明车体上点少，检测会困难

[PC_ON_NPC] 无CARLA GT数据 carla_connected=True
# 注：CARLA连接状态=True，无NPC，无法统计bbox内点数
# 注：如果 carla_connected=False 说明 CARLA 线程还没连上或已断开
[MATCH] frame=11 total_gt=0 detected=0 missed=0 missed_with_pts=0 missed_no_pts=0 false_positive=0
# 帧匹配汇总 | GT总数=0 | 检测到=0 | 漏检=0 | 误报=0
# 漏检中：有点云=0个 | 无点云=0个
# 注：有点云但漏检 → 模型或参数问题；无点云漏检 → 物理或坐标变换问题
# 距离分桶 | 近(0-15m): 0/0 | 中(15-30m): 0/0 | 远(>30m): 0/0

[FRAME] frame=12 ts=1783477393.218 gt_frame=33 ego_pose=False n_pc_pts=6310 n_gt_npc=0 n_obs=0 pc_dt_ms=99.9
# 帧号=12 | 仿真时间=1783477393.218s | GT帧=33 | 点云=6310点 | 帧间隔=99.9ms | CARLA NPC=0个 | 感知障碍物=0个
# 注：感知回调触发写入，点云和GT可能滞后0~2帧（取最新值）
# 注：点云帧间隔应稳定在 100ms（10Hz），如出现 300ms+ 说明有点云丢帧

[GT_EGO] id=197 x=334.961 y=-141.965 z=0.034 yaw=-1.314 vel=0.00
# 自车位姿（Apollo 坐标系）| 位置=(334.96, -141.96, 0.03)m | 朝向=-1.31rad | 速度=0.00m/s
# 注：坐标经 CARLA→Apollo 转换（y取反，yaw取反转弧度）


[PC] total=6310 x=[-24.68,47.73] y=[-45.85,46.32] z=[-5.02,1.61] int_mean=243.1 int_med=246.0 ground_pct=80.4
# 原始点云（LiDAR坐标系）| 总点数=6310 | x范围=[-24.68, 47.73]m | y范围=[-45.85, 46.32]m | z范围=[-5.02, 1.61]m | 强度均值=243.1 | 地面点比例=80.4%
# 注：64线激光雷达 ~13000点/帧 为正常，~6500点可能是 rotation_frequency 偏高（20Hz）
# 注：地面点比例 >70% 说明车体上点少，检测会困难

[PC_ON_NPC] 无CARLA GT数据 carla_connected=True
# 注：CARLA连接状态=True，无NPC，无法统计bbox内点数
# 注：如果 carla_connected=False 说明 CARLA 线程还没连上或已断开
[MATCH] frame=12 total_gt=0 detected=0 missed=0 missed_with_pts=0 missed_no_pts=0 false_positive=0
# 帧匹配汇总 | GT总数=0 | 检测到=0 | 漏检=0 | 误报=0
# 漏检中：有点云=0个 | 无点云=0个
# 注：有点云但漏检 → 模型或参数问题；无点云漏检 → 物理或坐标变换问题
# 距离分桶 | 近(0-15m): 0/0 | 中(15-30m): 0/0 | 远(>30m): 0/0

[FRAME] frame=13 ts=1783477393.324 gt_frame=34 ego_pose=False n_pc_pts=6239 n_gt_npc=0 n_obs=0 pc_dt_ms=100.5
# 帧号=13 | 仿真时间=1783477393.324s | GT帧=34 | 点云=6239点 | 帧间隔=100.5ms | CARLA NPC=0个 | 感知障碍物=0个
# 注：感知回调触发写入，点云和GT可能滞后0~2帧（取最新值）
# 注：点云帧间隔应稳定在 100ms（10Hz），如出现 300ms+ 说明有点云丢帧

[GT_EGO] id=197 x=334.961 y=-141.965 z=0.034 yaw=-1.314 vel=0.00
# 自车位姿（Apollo 坐标系）| 位置=(334.96, -141.96, 0.03)m | 朝向=-1.31rad | 速度=0.00m/s
# 注：坐标经 CARLA→Apollo 转换（y取反，yaw取反转弧度）


[PC] total=6239 x=[-25.15,47.82] y=[-46.12,49.16] z=[-4.73,1.68] int_mean=243.1 int_med=246.0 ground_pct=80.5
# 原始点云（LiDAR坐标系）| 总点数=6239 | x范围=[-25.15, 47.82]m | y范围=[-46.12, 49.16]m | z范围=[-4.73, 1.68]m | 强度均值=243.1 | 地面点比例=80.5%
# 注：64线激光雷达 ~13000点/帧 为正常，~6500点可能是 rotation_frequency 偏高（20Hz）
# 注：地面点比例 >70% 说明车体上点少，检测会困难

[PC_ON_NPC] 无CARLA GT数据 carla_connected=True
# 注：CARLA连接状态=True，无NPC，无法统计bbox内点数
# 注：如果 carla_connected=False 说明 CARLA 线程还没连上或已断开
[MATCH] frame=13 total_gt=0 detected=0 missed=0 missed_with_pts=0 missed_no_pts=0 false_positive=0
# 帧匹配汇总 | GT总数=0 | 检测到=0 | 漏检=0 | 误报=0
# 漏检中：有点云=0个 | 无点云=0个
# 注：有点云但漏检 → 模型或参数问题；无点云漏检 → 物理或坐标变换问题
# 距离分桶 | 近(0-15m): 0/0 | 中(15-30m): 0/0 | 远(>30m): 0/0

[FRAME] frame=14 ts=1783477393.418 gt_frame=35 ego_pose=False n_pc_pts=6225 n_gt_npc=0 n_obs=0 pc_dt_ms=100.0
# 帧号=14 | 仿真时间=1783477393.418s | GT帧=35 | 点云=6225点 | 帧间隔=100.0ms | CARLA NPC=0个 | 感知障碍物=0个
# 注：感知回调触发写入，点云和GT可能滞后0~2帧（取最新值）
# 注：点云帧间隔应稳定在 100ms（10Hz），如出现 300ms+ 说明有点云丢帧

[GT_EGO] id=197 x=334.961 y=-141.965 z=0.034 yaw=-1.314 vel=0.00
# 自车位姿（Apollo 坐标系）| 位置=(334.96, -141.96, 0.03)m | 朝向=-1.31rad | 速度=0.00m/s
# 注：坐标经 CARLA→Apollo 转换（y取反，yaw取反转弧度）


[PC] total=6225 x=[-24.68,47.82] y=[-46.12,49.16] z=[-4.73,1.61] int_mean=243.1 int_med=246.0 ground_pct=80.1
# 原始点云（LiDAR坐标系）| 总点数=6225 | x范围=[-24.68, 47.82]m | y范围=[-46.12, 49.16]m | z范围=[-4.73, 1.61]m | 强度均值=243.1 | 地面点比例=80.1%
# 注：64线激光雷达 ~13000点/帧 为正常，~6500点可能是 rotation_frequency 偏高（20Hz）
# 注：地面点比例 >70% 说明车体上点少，检测会困难

[PC_ON_NPC] 无CARLA GT数据 carla_connected=True
# 注：CARLA连接状态=True，无NPC，无法统计bbox内点数
# 注：如果 carla_connected=False 说明 CARLA 线程还没连上或已断开
[MATCH] frame=14 total_gt=0 detected=0 missed=0 missed_with_pts=0 missed_no_pts=0 false_positive=0
# 帧匹配汇总 | GT总数=0 | 检测到=0 | 漏检=0 | 误报=0
# 漏检中：有点云=0个 | 无点云=0个
# 注：有点云但漏检 → 模型或参数问题；无点云漏检 → 物理或坐标变换问题
# 距离分桶 | 近(0-15m): 0/0 | 中(15-30m): 0/0 | 远(>30m): 0/0

[FRAME] frame=15 ts=1783477393.525 gt_frame=36 ego_pose=False n_pc_pts=6214 n_gt_npc=0 n_obs=0 pc_dt_ms=99.8
# 帧号=15 | 仿真时间=1783477393.525s | GT帧=36 | 点云=6214点 | 帧间隔=99.8ms | CARLA NPC=0个 | 感知障碍物=0个
# 注：感知回调触发写入，点云和GT可能滞后0~2帧（取最新值）
# 注：点云帧间隔应稳定在 100ms（10Hz），如出现 300ms+ 说明有点云丢帧

[GT_EGO] id=197 x=334.961 y=-141.965 z=0.034 yaw=-1.314 vel=0.00
# 自车位姿（Apollo 坐标系）| 位置=(334.96, -141.96, 0.03)m | 朝向=-1.31rad | 速度=0.00m/s
# 注：坐标经 CARLA→Apollo 转换（y取反，yaw取反转弧度）


[PC] total=6214 x=[-23.75,47.73] y=[-46.08,49.16] z=[-5.02,1.61] int_mean=243.0 int_med=246.0 ground_pct=80.1
# 原始点云（LiDAR坐标系）| 总点数=6214 | x范围=[-23.75, 47.73]m | y范围=[-46.08, 49.16]m | z范围=[-5.02, 1.61]m | 强度均值=243.0 | 地面点比例=80.1%
# 注：64线激光雷达 ~13000点/帧 为正常，~6500点可能是 rotation_frequency 偏高（20Hz）
# 注：地面点比例 >70% 说明车体上点少，检测会困难

[PC_ON_NPC] 无CARLA GT数据 carla_connected=True
# 注：CARLA连接状态=True，无NPC，无法统计bbox内点数
# 注：如果 carla_connected=False 说明 CARLA 线程还没连上或已断开
[MATCH] frame=15 total_gt=0 detected=0 missed=0 missed_with_pts=0 missed_no_pts=0 false_positive=0
# 帧匹配汇总 | GT总数=0 | 检测到=0 | 漏检=0 | 误报=0
# 漏检中：有点云=0个 | 无点云=0个
# 注：有点云但漏检 → 模型或参数问题；无点云漏检 → 物理或坐标变换问题
# 距离分桶 | 近(0-15m): 0/0 | 中(15-30m): 0/0 | 远(>30m): 0/0

[FRAME] frame=16 ts=1783477393.617 gt_frame=37 ego_pose=False n_pc_pts=6226 n_gt_npc=0 n_obs=0 pc_dt_ms=100.0
# 帧号=16 | 仿真时间=1783477393.617s | GT帧=37 | 点云=6226点 | 帧间隔=100.0ms | CARLA NPC=0个 | 感知障碍物=0个
# 注：感知回调触发写入，点云和GT可能滞后0~2帧（取最新值）
# 注：点云帧间隔应稳定在 100ms（10Hz），如出现 300ms+ 说明有点云丢帧

[GT_EGO] id=197 x=334.961 y=-141.965 z=0.034 yaw=-1.314 vel=0.00
# 自车位姿（Apollo 坐标系）| 位置=(334.96, -141.96, 0.03)m | 朝向=-1.31rad | 速度=0.00m/s
# 注：坐标经 CARLA→Apollo 转换（y取反，yaw取反转弧度）


[PC] total=6226 x=[-24.68,47.82] y=[-46.12,49.16] z=[-5.02,1.39] int_mean=242.9 int_med=246.0 ground_pct=79.5
# 原始点云（LiDAR坐标系）| 总点数=6226 | x范围=[-24.68, 47.82]m | y范围=[-46.12, 49.16]m | z范围=[-5.02, 1.39]m | 强度均值=242.9 | 地面点比例=79.5%
# 注：64线激光雷达 ~13000点/帧 为正常，~6500点可能是 rotation_frequency 偏高（20Hz）
# 注：地面点比例 >70% 说明车体上点少，检测会困难

[PC_ON_NPC] 无CARLA GT数据 carla_connected=True
# 注：CARLA连接状态=True，无NPC，无法统计bbox内点数
# 注：如果 carla_connected=False 说明 CARLA 线程还没连上或已断开
[MATCH] frame=16 total_gt=0 detected=0 missed=0 missed_with_pts=0 missed_no_pts=0 false_positive=0
# 帧匹配汇总 | GT总数=0 | 检测到=0 | 漏检=0 | 误报=0
# 漏检中：有点云=0个 | 无点云=0个
# 注：有点云但漏检 → 模型或参数问题；无点云漏检 → 物理或坐标变换问题
# 距离分桶 | 近(0-15m): 0/0 | 中(15-30m): 0/0 | 远(>30m): 0/0

[FRAME] frame=17 ts=1783477393.717 gt_frame=38 ego_pose=False n_pc_pts=6251 n_gt_npc=0 n_obs=0 pc_dt_ms=99.4
# 帧号=17 | 仿真时间=1783477393.717s | GT帧=38 | 点云=6251点 | 帧间隔=99.4ms | CARLA NPC=0个 | 感知障碍物=0个
# 注：感知回调触发写入，点云和GT可能滞后0~2帧（取最新值）
# 注：点云帧间隔应稳定在 100ms（10Hz），如出现 300ms+ 说明有点云丢帧

[GT_EGO] id=197 x=334.961 y=-141.965 z=0.034 yaw=-1.314 vel=0.00
# 自车位姿（Apollo 坐标系）| 位置=(334.96, -141.96, 0.03)m | 朝向=-1.31rad | 速度=0.00m/s
# 注：坐标经 CARLA→Apollo 转换（y取反，yaw取反转弧度）


[PC] total=6251 x=[-23.75,47.82] y=[-46.12,45.72] z=[-5.02,1.39] int_mean=243.0 int_med=246.0 ground_pct=80.3
# 原始点云（LiDAR坐标系）| 总点数=6251 | x范围=[-23.75, 47.82]m | y范围=[-46.12, 45.72]m | z范围=[-5.02, 1.39]m | 强度均值=243.0 | 地面点比例=80.3%
# 注：64线激光雷达 ~13000点/帧 为正常，~6500点可能是 rotation_frequency 偏高（20Hz）
# 注：地面点比例 >70% 说明车体上点少，检测会困难

[PC_ON_NPC] 无CARLA GT数据 carla_connected=True
# 注：CARLA连接状态=True，无NPC，无法统计bbox内点数
# 注：如果 carla_connected=False 说明 CARLA 线程还没连上或已断开
[MATCH] frame=17 total_gt=0 detected=0 missed=0 missed_with_pts=0 missed_no_pts=0 false_positive=0
# 帧匹配汇总 | GT总数=0 | 检测到=0 | 漏检=0 | 误报=0
# 漏检中：有点云=0个 | 无点云=0个
# 注：有点云但漏检 → 模型或参数问题；无点云漏检 → 物理或坐标变换问题
# 距离分桶 | 近(0-15m): 0/0 | 中(15-30m): 0/0 | 远(>30m): 0/0

[FRAME] frame=18 ts=1783477393.813 gt_frame=39 ego_pose=False n_pc_pts=6322 n_gt_npc=0 n_obs=0 pc_dt_ms=100.2
# 帧号=18 | 仿真时间=1783477393.813s | GT帧=39 | 点云=6322点 | 帧间隔=100.2ms | CARLA NPC=0个 | 感知障碍物=0个
# 注：感知回调触发写入，点云和GT可能滞后0~2帧（取最新值）
# 注：点云帧间隔应稳定在 100ms（10Hz），如出现 300ms+ 说明有点云丢帧

[GT_EGO] id=197 x=334.961 y=-141.965 z=0.034 yaw=-1.314 vel=0.00
# 自车位姿（Apollo 坐标系）| 位置=(334.96, -141.96, 0.03)m | 朝向=-1.31rad | 速度=0.00m/s
# 注：坐标经 CARLA→Apollo 转换（y取反，yaw取反转弧度）


[PC] total=6322 x=[-22.16,48.17] y=[-45.85,46.58] z=[-4.73,1.39] int_mean=243.1 int_med=246.0 ground_pct=80.2
# 原始点云（LiDAR坐标系）| 总点数=6322 | x范围=[-22.16, 48.17]m | y范围=[-45.85, 46.58]m | z范围=[-4.73, 1.39]m | 强度均值=243.1 | 地面点比例=80.2%
# 注：64线激光雷达 ~13000点/帧 为正常，~6500点可能是 rotation_frequency 偏高（20Hz）
# 注：地面点比例 >70% 说明车体上点少，检测会困难

[PC_ON_NPC] 无CARLA GT数据 carla_connected=True
# 注：CARLA连接状态=True，无NPC，无法统计bbox内点数
# 注：如果 carla_connected=False 说明 CARLA 线程还没连上或已断开
[MATCH] frame=18 total_gt=0 detected=0 missed=0 missed_with_pts=0 missed_no_pts=0 false_positive=0
# 帧匹配汇总 | GT总数=0 | 检测到=0 | 漏检=0 | 误报=0
# 漏检中：有点云=0个 | 无点云=0个
# 注：有点云但漏检 → 模型或参数问题；无点云漏检 → 物理或坐标变换问题
# 距离分桶 | 近(0-15m): 0/0 | 中(15-30m): 0/0 | 远(>30m): 0/0

[FRAME] frame=19 ts=1783477393.930 gt_frame=40 ego_pose=False n_pc_pts=6239 n_gt_npc=0 n_obs=0 pc_dt_ms=99.9
# 帧号=19 | 仿真时间=1783477393.930s | GT帧=40 | 点云=6239点 | 帧间隔=99.9ms | CARLA NPC=0个 | 感知障碍物=0个
# 注：感知回调触发写入，点云和GT可能滞后0~2帧（取最新值）
# 注：点云帧间隔应稳定在 100ms（10Hz），如出现 300ms+ 说明有点云丢帧

[GT_EGO] id=197 x=334.961 y=-141.965 z=0.034 yaw=-1.314 vel=0.00
# 自车位姿（Apollo 坐标系）| 位置=(334.96, -141.96, 0.03)m | 朝向=-1.31rad | 速度=0.00m/s
# 注：坐标经 CARLA→Apollo 转换（y取反，yaw取反转弧度）


[PC] total=6239 x=[-23.75,48.17] y=[-46.08,46.58] z=[-5.02,1.61] int_mean=243.0 int_med=246.0 ground_pct=79.8
# 原始点云（LiDAR坐标系）| 总点数=6239 | x范围=[-23.75, 48.17]m | y范围=[-46.08, 46.58]m | z范围=[-5.02, 1.61]m | 强度均值=243.0 | 地面点比例=79.8%
# 注：64线激光雷达 ~13000点/帧 为正常，~6500点可能是 rotation_frequency 偏高（20Hz）
# 注：地面点比例 >70% 说明车体上点少，检测会困难

[PC_ON_NPC] 无CARLA GT数据 carla_connected=True
# 注：CARLA连接状态=True，无NPC，无法统计bbox内点数
# 注：如果 carla_connected=False 说明 CARLA 线程还没连上或已断开
[MATCH] frame=19 total_gt=0 detected=0 missed=0 missed_with_pts=0 missed_no_pts=0 false_positive=0
# 帧匹配汇总 | GT总数=0 | 检测到=0 | 漏检=0 | 误报=0
# 漏检中：有点云=0个 | 无点云=0个
# 注：有点云但漏检 → 模型或参数问题；无点云漏检 → 物理或坐标变换问题
# 距离分桶 | 近(0-15m): 0/0 | 中(15-30m): 0/0 | 远(>30m): 0/0

[FRAME] frame=20 ts=1783477394.022 gt_frame=41 ego_pose=False n_pc_pts=6337 n_gt_npc=0 n_obs=0 pc_dt_ms=100.2
# 帧号=20 | 仿真时间=1783477394.022s | GT帧=41 | 点云=6337点 | 帧间隔=100.2ms | CARLA NPC=0个 | 感知障碍物=0个
# 注：感知回调触发写入，点云和GT可能滞后0~2帧（取最新值）
# 注：点云帧间隔应稳定在 100ms（10Hz），如出现 300ms+ 说明有点云丢帧

[GT_EGO] id=197 x=334.961 y=-141.965 z=0.034 yaw=-1.314 vel=0.00
# 自车位姿（Apollo 坐标系）| 位置=(334.96, -141.96, 0.03)m | 朝向=-1.31rad | 速度=0.00m/s
# 注：坐标经 CARLA→Apollo 转换（y取反，yaw取反转弧度）


[PC] total=6337 x=[-23.12,48.17] y=[-45.85,46.58] z=[-4.49,1.39] int_mean=242.9 int_med=246.0 ground_pct=79.3
# 原始点云（LiDAR坐标系）| 总点数=6337 | x范围=[-23.12, 48.17]m | y范围=[-45.85, 46.58]m | z范围=[-4.49, 1.39]m | 强度均值=242.9 | 地面点比例=79.3%
# 注：64线激光雷达 ~13000点/帧 为正常，~6500点可能是 rotation_frequency 偏高（20Hz）
# 注：地面点比例 >70% 说明车体上点少，检测会困难

[PC_ON_NPC] 无CARLA GT数据 carla_connected=True
# 注：CARLA连接状态=True，无NPC，无法统计bbox内点数
# 注：如果 carla_connected=False 说明 CARLA 线程还没连上或已断开
[MATCH] frame=20 total_gt=0 detected=0 missed=0 missed_with_pts=0 missed_no_pts=0 false_positive=0
# 帧匹配汇总 | GT总数=0 | 检测到=0 | 漏检=0 | 误报=0
# 漏检中：有点云=0个 | 无点云=0个
# 注：有点云但漏检 → 模型或参数问题；无点云漏检 → 物理或坐标变换问题
# 距离分桶 | 近(0-15m): 0/0 | 中(15-30m): 0/0 | 远(>30m): 0/0

[FRAME] frame=21 ts=1783477394.115 gt_frame=42 ego_pose=False n_pc_pts=6254 n_gt_npc=0 n_obs=0 pc_dt_ms=99.9
# 帧号=21 | 仿真时间=1783477394.115s | GT帧=42 | 点云=6254点 | 帧间隔=99.9ms | CARLA NPC=0个 | 感知障碍物=0个
# 注：感知回调触发写入，点云和GT可能滞后0~2帧（取最新值）
# 注：点云帧间隔应稳定在 100ms（10Hz），如出现 300ms+ 说明有点云丢帧

[GT_EGO] id=197 x=334.961 y=-141.965 z=0.034 yaw=-1.314 vel=0.00
# 自车位姿（Apollo 坐标系）| 位置=(334.96, -141.96, 0.03)m | 朝向=-1.31rad | 速度=0.00m/s
# 注：坐标经 CARLA→Apollo 转换（y取反，yaw取反转弧度）


[PC] total=6254 x=[-24.68,48.17] y=[-45.85,46.32] z=[-4.67,1.61] int_mean=243.0 int_med=246.0 ground_pct=79.9
# 原始点云（LiDAR坐标系）| 总点数=6254 | x范围=[-24.68, 48.17]m | y范围=[-45.85, 46.32]m | z范围=[-4.67, 1.61]m | 强度均值=243.0 | 地面点比例=79.9%
# 注：64线激光雷达 ~13000点/帧 为正常，~6500点可能是 rotation_frequency 偏高（20Hz）
# 注：地面点比例 >70% 说明车体上点少，检测会困难

[PC_ON_NPC] 无CARLA GT数据 carla_connected=True
# 注：CARLA连接状态=True，无NPC，无法统计bbox内点数
# 注：如果 carla_connected=False 说明 CARLA 线程还没连上或已断开
[MATCH] frame=21 total_gt=0 detected=0 missed=0 missed_with_pts=0 missed_no_pts=0 false_positive=0
# 帧匹配汇总 | GT总数=0 | 检测到=0 | 漏检=0 | 误报=0
# 漏检中：有点云=0个 | 无点云=0个
# 注：有点云但漏检 → 模型或参数问题；无点云漏检 → 物理或坐标变换问题
# 距离分桶 | 近(0-15m): 0/0 | 中(15-30m): 0/0 | 远(>30m): 0/0

[FRAME] frame=22 ts=1783477394.215 gt_frame=43 ego_pose=False n_pc_pts=6319 n_gt_npc=0 n_obs=0 pc_dt_ms=100.6
# 帧号=22 | 仿真时间=1783477394.215s | GT帧=43 | 点云=6319点 | 帧间隔=100.6ms | CARLA NPC=0个 | 感知障碍物=0个
# 注：感知回调触发写入，点云和GT可能滞后0~2帧（取最新值）
# 注：点云帧间隔应稳定在 100ms（10Hz），如出现 300ms+ 说明有点云丢帧

[GT_EGO] id=197 x=334.961 y=-141.965 z=0.034 yaw=-1.314 vel=0.00
# 自车位姿（Apollo 坐标系）| 位置=(334.96, -141.96, 0.03)m | 朝向=-1.31rad | 速度=0.00m/s
# 注：坐标经 CARLA→Apollo 转换（y取反，yaw取反转弧度）


[PC] total=6319 x=[-23.12,48.17] y=[-46.08,49.16] z=[-5.02,1.61] int_mean=243.1 int_med=246.0 ground_pct=80.8
# 原始点云（LiDAR坐标系）| 总点数=6319 | x范围=[-23.12, 48.17]m | y范围=[-46.08, 49.16]m | z范围=[-5.02, 1.61]m | 强度均值=243.1 | 地面点比例=80.8%
# 注：64线激光雷达 ~13000点/帧 为正常，~6500点可能是 rotation_frequency 偏高（20Hz）
# 注：地面点比例 >70% 说明车体上点少，检测会困难

[PC_ON_NPC] 无CARLA GT数据 carla_connected=True
# 注：CARLA连接状态=True，无NPC，无法统计bbox内点数
# 注：如果 carla_connected=False 说明 CARLA 线程还没连上或已断开
[MATCH] frame=22 total_gt=0 detected=0 missed=0 missed_with_pts=0 missed_no_pts=0 false_positive=0
# 帧匹配汇总 | GT总数=0 | 检测到=0 | 漏检=0 | 误报=0
# 漏检中：有点云=0个 | 无点云=0个
# 注：有点云但漏检 → 模型或参数问题；无点云漏检 → 物理或坐标变换问题
# 距离分桶 | 近(0-15m): 0/0 | 中(15-30m): 0/0 | 远(>30m): 0/0

[FRAME] frame=23 ts=1783477394.313 gt_frame=44 ego_pose=False n_pc_pts=6283 n_gt_npc=0 n_obs=0 pc_dt_ms=99.5
# 帧号=23 | 仿真时间=1783477394.313s | GT帧=44 | 点云=6283点 | 帧间隔=99.5ms | CARLA NPC=0个 | 感知障碍物=0个
# 注：感知回调触发写入，点云和GT可能滞后0~2帧（取最新值）
# 注：点云帧间隔应稳定在 100ms（10Hz），如出现 300ms+ 说明有点云丢帧

[GT_EGO] id=197 x=334.961 y=-141.965 z=0.034 yaw=-1.314 vel=0.00
# 自车位姿（Apollo 坐标系）| 位置=(334.96, -141.96, 0.03)m | 朝向=-1.31rad | 速度=0.00m/s
# 注：坐标经 CARLA→Apollo 转换（y取反，yaw取反转弧度）


[PC] total=6283 x=[-25.15,48.17] y=[-46.12,49.16] z=[-5.02,1.68] int_mean=243.0 int_med=246.0 ground_pct=79.9
# 原始点云（LiDAR坐标系）| 总点数=6283 | x范围=[-25.15, 48.17]m | y范围=[-46.12, 49.16]m | z范围=[-5.02, 1.68]m | 强度均值=243.0 | 地面点比例=79.9%
# 注：64线激光雷达 ~13000点/帧 为正常，~6500点可能是 rotation_frequency 偏高（20Hz）
# 注：地面点比例 >70% 说明车体上点少，检测会困难

[PC_ON_NPC] 无CARLA GT数据 carla_connected=True
# 注：CARLA连接状态=True，无NPC，无法统计bbox内点数
# 注：如果 carla_connected=False 说明 CARLA 线程还没连上或已断开
[MATCH] frame=23 total_gt=0 detected=0 missed=0 missed_with_pts=0 missed_no_pts=0 false_positive=0
# 帧匹配汇总 | GT总数=0 | 检测到=0 | 漏检=0 | 误报=0
# 漏检中：有点云=0个 | 无点云=0个
# 注：有点云但漏检 → 模型或参数问题；无点云漏检 → 物理或坐标变换问题
# 距离分桶 | 近(0-15m): 0/0 | 中(15-30m): 0/0 | 远(>30m): 0/0

[FRAME] frame=24 ts=1783477394.420 gt_frame=45 ego_pose=False n_pc_pts=6337 n_gt_npc=0 n_obs=0 pc_dt_ms=99.9
# 帧号=24 | 仿真时间=1783477394.420s | GT帧=45 | 点云=6337点 | 帧间隔=99.9ms | CARLA NPC=0个 | 感知障碍物=0个
# 注：感知回调触发写入，点云和GT可能滞后0~2帧（取最新值）
# 注：点云帧间隔应稳定在 100ms（10Hz），如出现 300ms+ 说明有点云丢帧

[GT_EGO] id=197 x=334.961 y=-141.965 z=0.034 yaw=-1.314 vel=0.00
# 自车位姿（Apollo 坐标系）| 位置=(334.96, -141.96, 0.03)m | 朝向=-1.31rad | 速度=0.00m/s
# 注：坐标经 CARLA→Apollo 转换（y取反，yaw取反转弧度）


[PC] total=6337 x=[-25.15,48.17] y=[-46.12,49.16] z=[-5.02,1.68] int_mean=243.0 int_med=246.0 ground_pct=79.8
# 原始点云（LiDAR坐标系）| 总点数=6337 | x范围=[-25.15, 48.17]m | y范围=[-46.12, 49.16]m | z范围=[-5.02, 1.68]m | 强度均值=243.0 | 地面点比例=79.8%
# 注：64线激光雷达 ~13000点/帧 为正常，~6500点可能是 rotation_frequency 偏高（20Hz）
# 注：地面点比例 >70% 说明车体上点少，检测会困难

[PC_ON_NPC] 无CARLA GT数据 carla_connected=True
# 注：CARLA连接状态=True，无NPC，无法统计bbox内点数
# 注：如果 carla_connected=False 说明 CARLA 线程还没连上或已断开
[MATCH] frame=24 total_gt=0 detected=0 missed=0 missed_with_pts=0 missed_no_pts=0 false_positive=0
# 帧匹配汇总 | GT总数=0 | 检测到=0 | 漏检=0 | 误报=0
# 漏检中：有点云=0个 | 无点云=0个
# 注：有点云但漏检 → 模型或参数问题；无点云漏检 → 物理或坐标变换问题
# 距离分桶 | 近(0-15m): 0/0 | 中(15-30m): 0/0 | 远(>30m): 0/0

[FRAME] frame=25 ts=1783477394.524 gt_frame=46 ego_pose=False n_pc_pts=6303 n_gt_npc=0 n_obs=0 pc_dt_ms=100.4
# 帧号=25 | 仿真时间=1783477394.524s | GT帧=46 | 点云=6303点 | 帧间隔=100.4ms | CARLA NPC=0个 | 感知障碍物=0个
# 注：感知回调触发写入，点云和GT可能滞后0~2帧（取最新值）
# 注：点云帧间隔应稳定在 100ms（10Hz），如出现 300ms+ 说明有点云丢帧

[GT_EGO] id=197 x=334.961 y=-141.965 z=0.034 yaw=-1.314 vel=0.00
# 自车位姿（Apollo 坐标系）| 位置=(334.96, -141.96, 0.03)m | 朝向=-1.31rad | 速度=0.00m/s
# 注：坐标经 CARLA→Apollo 转换（y取反，yaw取反转弧度）


[PC] total=6303 x=[-25.15,48.17] y=[-46.08,49.16] z=[-5.02,1.68] int_mean=243.0 int_med=246.0 ground_pct=80.4
# 原始点云（LiDAR坐标系）| 总点数=6303 | x范围=[-25.15, 48.17]m | y范围=[-46.08, 49.16]m | z范围=[-5.02, 1.68]m | 强度均值=243.0 | 地面点比例=80.4%
# 注：64线激光雷达 ~13000点/帧 为正常，~6500点可能是 rotation_frequency 偏高（20Hz）
# 注：地面点比例 >70% 说明车体上点少，检测会困难

[PC_ON_NPC] 无CARLA GT数据 carla_connected=True
# 注：CARLA连接状态=True，无NPC，无法统计bbox内点数
# 注：如果 carla_connected=False 说明 CARLA 线程还没连上或已断开
[MATCH] frame=25 total_gt=0 detected=0 missed=0 missed_with_pts=0 missed_no_pts=0 false_positive=0
# 帧匹配汇总 | GT总数=0 | 检测到=0 | 漏检=0 | 误报=0
# 漏检中：有点云=0个 | 无点云=0个
# 注：有点云但漏检 → 模型或参数问题；无点云漏检 → 物理或坐标变换问题
# 距离分桶 | 近(0-15m): 0/0 | 中(15-30m): 0/0 | 远(>30m): 0/0

[FRAME] frame=26 ts=1783477394.622 gt_frame=47 ego_pose=False n_pc_pts=6247 n_gt_npc=0 n_obs=0 pc_dt_ms=99.6
# 帧号=26 | 仿真时间=1783477394.622s | GT帧=47 | 点云=6247点 | 帧间隔=99.6ms | CARLA NPC=0个 | 感知障碍物=0个
# 注：感知回调触发写入，点云和GT可能滞后0~2帧（取最新值）
# 注：点云帧间隔应稳定在 100ms（10Hz），如出现 300ms+ 说明有点云丢帧

[GT_EGO] id=197 x=334.961 y=-141.965 z=0.034 yaw=-1.314 vel=0.00
# 自车位姿（Apollo 坐标系）| 位置=(334.96, -141.96, 0.03)m | 朝向=-1.31rad | 速度=0.00m/s
# 注：坐标经 CARLA→Apollo 转换（y取反，yaw取反转弧度）


[PC] total=6247 x=[-25.15,47.82] y=[-46.12,46.58] z=[-4.73,1.68] int_mean=243.1 int_med=246.0 ground_pct=80.1
# 原始点云（LiDAR坐标系）| 总点数=6247 | x范围=[-25.15, 47.82]m | y范围=[-46.12, 46.58]m | z范围=[-4.73, 1.68]m | 强度均值=243.1 | 地面点比例=80.1%
# 注：64线激光雷达 ~13000点/帧 为正常，~6500点可能是 rotation_frequency 偏高（20Hz）
# 注：地面点比例 >70% 说明车体上点少，检测会困难

[PC_ON_NPC] 无CARLA GT数据 carla_connected=True
# 注：CARLA连接状态=True，无NPC，无法统计bbox内点数
# 注：如果 carla_connected=False 说明 CARLA 线程还没连上或已断开
[MATCH] frame=26 total_gt=0 detected=0 missed=0 missed_with_pts=0 missed_no_pts=0 false_positive=0
# 帧匹配汇总 | GT总数=0 | 检测到=0 | 漏检=0 | 误报=0
# 漏检中：有点云=0个 | 无点云=0个
# 注：有点云但漏检 → 模型或参数问题；无点云漏检 → 物理或坐标变换问题
# 距离分桶 | 近(0-15m): 0/0 | 中(15-30m): 0/0 | 远(>30m): 0/0

[FRAME] frame=27 ts=1783477394.712 gt_frame=48 ego_pose=False n_pc_pts=6224 n_gt_npc=0 n_obs=0 pc_dt_ms=100.5
# 帧号=27 | 仿真时间=1783477394.712s | GT帧=48 | 点云=6224点 | 帧间隔=100.5ms | CARLA NPC=0个 | 感知障碍物=0个
# 注：感知回调触发写入，点云和GT可能滞后0~2帧（取最新值）
# 注：点云帧间隔应稳定在 100ms（10Hz），如出现 300ms+ 说明有点云丢帧

[GT_EGO] id=197 x=334.961 y=-141.965 z=0.034 yaw=-1.314 vel=0.00
# 自车位姿（Apollo 坐标系）| 位置=(334.96, -141.96, 0.03)m | 朝向=-1.31rad | 速度=0.00m/s
# 注：坐标经 CARLA→Apollo 转换（y取反，yaw取反转弧度）


[PC] total=6224 x=[-25.15,47.82] y=[-46.12,49.16] z=[-4.73,1.68] int_mean=243.1 int_med=246.0 ground_pct=80.2
# 原始点云（LiDAR坐标系）| 总点数=6224 | x范围=[-25.15, 47.82]m | y范围=[-46.12, 49.16]m | z范围=[-4.73, 1.68]m | 强度均值=243.1 | 地面点比例=80.2%
# 注：64线激光雷达 ~13000点/帧 为正常，~6500点可能是 rotation_frequency 偏高（20Hz）
# 注：地面点比例 >70% 说明车体上点少，检测会困难

[PC_ON_NPC] 无CARLA GT数据 carla_connected=True
# 注：CARLA连接状态=True，无NPC，无法统计bbox内点数
# 注：如果 carla_connected=False 说明 CARLA 线程还没连上或已断开
[MATCH] frame=27 total_gt=0 detected=0 missed=0 missed_with_pts=0 missed_no_pts=0 false_positive=0
# 帧匹配汇总 | GT总数=0 | 检测到=0 | 漏检=0 | 误报=0
# 漏检中：有点云=0个 | 无点云=0个
# 注：有点云但漏检 → 模型或参数问题；无点云漏检 → 物理或坐标变换问题
# 距离分桶 | 近(0-15m): 0/0 | 中(15-30m): 0/0 | 远(>30m): 0/0

[FRAME] frame=28 ts=1783477394.815 gt_frame=49 ego_pose=False n_pc_pts=6188 n_gt_npc=0 n_obs=0 pc_dt_ms=99.8
# 帧号=28 | 仿真时间=1783477394.815s | GT帧=49 | 点云=6188点 | 帧间隔=99.8ms | CARLA NPC=0个 | 感知障碍物=0个
# 注：感知回调触发写入，点云和GT可能滞后0~2帧（取最新值）
# 注：点云帧间隔应稳定在 100ms（10Hz），如出现 300ms+ 说明有点云丢帧

[GT_EGO] id=197 x=334.961 y=-141.965 z=0.034 yaw=-1.314 vel=0.00
# 自车位姿（Apollo 坐标系）| 位置=(334.96, -141.96, 0.03)m | 朝向=-1.31rad | 速度=0.00m/s
# 注：坐标经 CARLA→Apollo 转换（y取反，yaw取反转弧度）


[PC] total=6188 x=[-25.15,48.17] y=[-45.57,49.16] z=[-5.02,1.68] int_mean=243.0 int_med=246.0 ground_pct=80.0
# 原始点云（LiDAR坐标系）| 总点数=6188 | x范围=[-25.15, 48.17]m | y范围=[-45.57, 49.16]m | z范围=[-5.02, 1.68]m | 强度均值=243.0 | 地面点比例=80.0%
# 注：64线激光雷达 ~13000点/帧 为正常，~6500点可能是 rotation_frequency 偏高（20Hz）
# 注：地面点比例 >70% 说明车体上点少，检测会困难

[PC_ON_NPC] 无CARLA GT数据 carla_connected=True
# 注：CARLA连接状态=True，无NPC，无法统计bbox内点数
# 注：如果 carla_connected=False 说明 CARLA 线程还没连上或已断开
[MATCH] frame=28 total_gt=0 detected=0 missed=0 missed_with_pts=0 missed_no_pts=0 false_positive=0
# 帧匹配汇总 | GT总数=0 | 检测到=0 | 漏检=0 | 误报=0
# 漏检中：有点云=0个 | 无点云=0个
# 注：有点云但漏检 → 模型或参数问题；无点云漏检 → 物理或坐标变换问题
# 距离分桶 | 近(0-15m): 0/0 | 中(15-30m): 0/0 | 远(>30m): 0/0

[FRAME] frame=29 ts=1783477394.915 gt_frame=50 ego_pose=False n_pc_pts=6321 n_gt_npc=0 n_obs=0 pc_dt_ms=99.9
# 帧号=29 | 仿真时间=1783477394.915s | GT帧=50 | 点云=6321点 | 帧间隔=99.9ms | CARLA NPC=0个 | 感知障碍物=0个
# 注：感知回调触发写入，点云和GT可能滞后0~2帧（取最新值）
# 注：点云帧间隔应稳定在 100ms（10Hz），如出现 300ms+ 说明有点云丢帧

[GT_EGO] id=197 x=334.961 y=-141.965 z=0.034 yaw=-1.314 vel=0.00
# 自车位姿（Apollo 坐标系）| 位置=(334.96, -141.96, 0.03)m | 朝向=-1.31rad | 速度=0.00m/s
# 注：坐标经 CARLA→Apollo 转换（y取反，yaw取反转弧度）


[PC] total=6321 x=[-25.15,48.17] y=[-46.12,46.32] z=[-5.02,1.68] int_mean=243.1 int_med=246.0 ground_pct=80.9
# 原始点云（LiDAR坐标系）| 总点数=6321 | x范围=[-25.15, 48.17]m | y范围=[-46.12, 46.32]m | z范围=[-5.02, 1.68]m | 强度均值=243.1 | 地面点比例=80.9%
# 注：64线激光雷达 ~13000点/帧 为正常，~6500点可能是 rotation_frequency 偏高（20Hz）
# 注：地面点比例 >70% 说明车体上点少，检测会困难

[PC_ON_NPC] 无CARLA GT数据 carla_connected=True
# 注：CARLA连接状态=True，无NPC，无法统计bbox内点数
# 注：如果 carla_connected=False 说明 CARLA 线程还没连上或已断开
[MATCH] frame=29 total_gt=0 detected=0 missed=0 missed_with_pts=0 missed_no_pts=0 false_positive=0
# 帧匹配汇总 | GT总数=0 | 检测到=0 | 漏检=0 | 误报=0
# 漏检中：有点云=0个 | 无点云=0个
# 注：有点云但漏检 → 模型或参数问题；无点云漏检 → 物理或坐标变换问题
# 距离分桶 | 近(0-15m): 0/0 | 中(15-30m): 0/0 | 远(>30m): 0/0

[FRAME] frame=30 ts=1783477395.022 gt_frame=51 ego_pose=False n_pc_pts=6344 n_gt_npc=0 n_obs=0 pc_dt_ms=100.2
# 帧号=30 | 仿真时间=1783477395.022s | GT帧=51 | 点云=6344点 | 帧间隔=100.2ms | CARLA NPC=0个 | 感知障碍物=0个
# 注：感知回调触发写入，点云和GT可能滞后0~2帧（取最新值）
# 注：点云帧间隔应稳定在 100ms（10Hz），如出现 300ms+ 说明有点云丢帧

[GT_EGO] id=197 x=334.961 y=-141.965 z=0.034 yaw=-1.314 vel=0.00
# 自车位姿（Apollo 坐标系）| 位置=(334.96, -141.96, 0.03)m | 朝向=-1.31rad | 速度=0.00m/s
# 注：坐标经 CARLA→Apollo 转换（y取反，yaw取反转弧度）


[PC] total=6344 x=[-24.68,48.17] y=[-46.12,46.58] z=[-5.02,1.61] int_mean=243.1 int_med=246.0 ground_pct=80.0
# 原始点云（LiDAR坐标系）| 总点数=6344 | x范围=[-24.68, 48.17]m | y范围=[-46.12, 46.58]m | z范围=[-5.02, 1.61]m | 强度均值=243.1 | 地面点比例=80.0%
# 注：64线激光雷达 ~13000点/帧 为正常，~6500点可能是 rotation_frequency 偏高（20Hz）
# 注：地面点比例 >70% 说明车体上点少，检测会困难

[PC_ON_NPC] 无CARLA GT数据 carla_connected=True
# 注：CARLA连接状态=True，无NPC，无法统计bbox内点数
# 注：如果 carla_connected=False 说明 CARLA 线程还没连上或已断开
[MATCH] frame=30 total_gt=0 detected=0 missed=0 missed_with_pts=0 missed_no_pts=0 false_positive=0
# 帧匹配汇总 | GT总数=0 | 检测到=0 | 漏检=0 | 误报=0
# 漏检中：有点云=0个 | 无点云=0个
# 注：有点云但漏检 → 模型或参数问题；无点云漏检 → 物理或坐标变换问题
# 距离分桶 | 近(0-15m): 0/0 | 中(15-30m): 0/0 | 远(>30m): 0/0

[FRAME] frame=31 ts=1783477395.115 gt_frame=52 ego_pose=False n_pc_pts=6209 n_gt_npc=0 n_obs=0 pc_dt_ms=99.7
# 帧号=31 | 仿真时间=1783477395.115s | GT帧=52 | 点云=6209点 | 帧间隔=99.7ms | CARLA NPC=0个 | 感知障碍物=0个
# 注：感知回调触发写入，点云和GT可能滞后0~2帧（取最新值）
# 注：点云帧间隔应稳定在 100ms（10Hz），如出现 300ms+ 说明有点云丢帧

[GT_EGO] id=197 x=334.961 y=-141.965 z=0.034 yaw=-1.314 vel=0.00
# 自车位姿（Apollo 坐标系）| 位置=(334.96, -141.96, 0.03)m | 朝向=-1.31rad | 速度=0.00m/s
# 注：坐标经 CARLA→Apollo 转换（y取反，yaw取反转弧度）


[PC] total=6209 x=[-25.15,47.73] y=[-46.12,49.16] z=[-4.73,1.68] int_mean=242.9 int_med=246.0 ground_pct=80.3
# 原始点云（LiDAR坐标系）| 总点数=6209 | x范围=[-25.15, 47.73]m | y范围=[-46.12, 49.16]m | z范围=[-4.73, 1.68]m | 强度均值=242.9 | 地面点比例=80.3%
# 注：64线激光雷达 ~13000点/帧 为正常，~6500点可能是 rotation_frequency 偏高（20Hz）
# 注：地面点比例 >70% 说明车体上点少，检测会困难

[PC_ON_NPC] 无CARLA GT数据 carla_connected=True
# 注：CARLA连接状态=True，无NPC，无法统计bbox内点数
# 注：如果 carla_connected=False 说明 CARLA 线程还没连上或已断开
[MATCH] frame=31 total_gt=0 detected=0 missed=0 missed_with_pts=0 missed_no_pts=0 false_positive=0
# 帧匹配汇总 | GT总数=0 | 检测到=0 | 漏检=0 | 误报=0
# 漏检中：有点云=0个 | 无点云=0个
# 注：有点云但漏检 → 模型或参数问题；无点云漏检 → 物理或坐标变换问题
# 距离分桶 | 近(0-15m): 0/0 | 中(15-30m): 0/0 | 远(>30m): 0/0

[FRAME] frame=32 ts=1783477395.215 gt_frame=53 ego_pose=False n_pc_pts=6316 n_gt_npc=0 n_obs=0 pc_dt_ms=100.2
# 帧号=32 | 仿真时间=1783477395.215s | GT帧=53 | 点云=6316点 | 帧间隔=100.2ms | CARLA NPC=0个 | 感知障碍物=0个
# 注：感知回调触发写入，点云和GT可能滞后0~2帧（取最新值）
# 注：点云帧间隔应稳定在 100ms（10Hz），如出现 300ms+ 说明有点云丢帧

[GT_EGO] id=197 x=334.961 y=-141.965 z=0.034 yaw=-1.314 vel=0.00
# 自车位姿（Apollo 坐标系）| 位置=(334.96, -141.96, 0.03)m | 朝向=-1.31rad | 速度=0.00m/s
# 注：坐标经 CARLA→Apollo 转换（y取反，yaw取反转弧度）


[PC] total=6316 x=[-24.68,47.73] y=[-46.12,46.55] z=[-4.73,1.39] int_mean=243.0 int_med=246.0 ground_pct=80.6
# 原始点云（LiDAR坐标系）| 总点数=6316 | x范围=[-24.68, 47.73]m | y范围=[-46.12, 46.55]m | z范围=[-4.73, 1.39]m | 强度均值=243.0 | 地面点比例=80.6%
# 注：64线激光雷达 ~13000点/帧 为正常，~6500点可能是 rotation_frequency 偏高（20Hz）
# 注：地面点比例 >70% 说明车体上点少，检测会困难

[PC_ON_NPC] 无CARLA GT数据 carla_connected=True
# 注：CARLA连接状态=True，无NPC，无法统计bbox内点数
# 注：如果 carla_connected=False 说明 CARLA 线程还没连上或已断开
[MATCH] frame=32 total_gt=0 detected=0 missed=0 missed_with_pts=0 missed_no_pts=0 false_positive=0
# 帧匹配汇总 | GT总数=0 | 检测到=0 | 漏检=0 | 误报=0
# 漏检中：有点云=0个 | 无点云=0个
# 注：有点云但漏检 → 模型或参数问题；无点云漏检 → 物理或坐标变换问题
# 距离分桶 | 近(0-15m): 0/0 | 中(15-30m): 0/0 | 远(>30m): 0/0

[FRAME] frame=33 ts=1783477395.318 gt_frame=54 ego_pose=False n_pc_pts=6182 n_gt_npc=0 n_obs=0 pc_dt_ms=100.2
# 帧号=33 | 仿真时间=1783477395.318s | GT帧=54 | 点云=6182点 | 帧间隔=100.2ms | CARLA NPC=0个 | 感知障碍物=0个
# 注：感知回调触发写入，点云和GT可能滞后0~2帧（取最新值）
# 注：点云帧间隔应稳定在 100ms（10Hz），如出现 300ms+ 说明有点云丢帧

[GT_EGO] id=197 x=334.961 y=-141.965 z=0.034 yaw=-1.314 vel=0.00
# 自车位姿（Apollo 坐标系）| 位置=(334.96, -141.96, 0.03)m | 朝向=-1.31rad | 速度=0.00m/s
# 注：坐标经 CARLA→Apollo 转换（y取反，yaw取反转弧度）


[PC] total=6182 x=[-25.15,48.17] y=[-46.12,49.16] z=[-4.73,1.68] int_mean=243.1 int_med=246.0 ground_pct=79.9
# 原始点云（LiDAR坐标系）| 总点数=6182 | x范围=[-25.15, 48.17]m | y范围=[-46.12, 49.16]m | z范围=[-4.73, 1.68]m | 强度均值=243.1 | 地面点比例=79.9%
# 注：64线激光雷达 ~13000点/帧 为正常，~6500点可能是 rotation_frequency 偏高（20Hz）
# 注：地面点比例 >70% 说明车体上点少，检测会困难

[PC_ON_NPC] 无CARLA GT数据 carla_connected=True
# 注：CARLA连接状态=True，无NPC，无法统计bbox内点数
# 注：如果 carla_connected=False 说明 CARLA 线程还没连上或已断开
[MATCH] frame=33 total_gt=0 detected=0 missed=0 missed_with_pts=0 missed_no_pts=0 false_positive=0
# 帧匹配汇总 | GT总数=0 | 检测到=0 | 漏检=0 | 误报=0
# 漏检中：有点云=0个 | 无点云=0个
# 注：有点云但漏检 → 模型或参数问题；无点云漏检 → 物理或坐标变换问题
# 距离分桶 | 近(0-15m): 0/0 | 中(15-30m): 0/0 | 远(>30m): 0/0

[FRAME] frame=34 ts=1783477395.416 gt_frame=55 ego_pose=False n_pc_pts=6241 n_gt_npc=0 n_obs=0 pc_dt_ms=100.0
# 帧号=34 | 仿真时间=1783477395.416s | GT帧=55 | 点云=6241点 | 帧间隔=100.0ms | CARLA NPC=0个 | 感知障碍物=0个
# 注：感知回调触发写入，点云和GT可能滞后0~2帧（取最新值）
# 注：点云帧间隔应稳定在 100ms（10Hz），如出现 300ms+ 说明有点云丢帧

[GT_EGO] id=197 x=334.961 y=-141.965 z=0.034 yaw=-1.314 vel=0.00
# 自车位姿（Apollo 坐标系）| 位置=(334.96, -141.96, 0.03)m | 朝向=-1.31rad | 速度=0.00m/s
# 注：坐标经 CARLA→Apollo 转换（y取反，yaw取反转弧度）


[PC] total=6241 x=[-25.15,48.17] y=[-46.08,49.16] z=[-5.02,1.68] int_mean=243.0 int_med=246.0 ground_pct=79.7
# 原始点云（LiDAR坐标系）| 总点数=6241 | x范围=[-25.15, 48.17]m | y范围=[-46.08, 49.16]m | z范围=[-5.02, 1.68]m | 强度均值=243.0 | 地面点比例=79.7%
# 注：64线激光雷达 ~13000点/帧 为正常，~6500点可能是 rotation_frequency 偏高（20Hz）
# 注：地面点比例 >70% 说明车体上点少，检测会困难

[PC_ON_NPC] 无CARLA GT数据 carla_connected=True
# 注：CARLA连接状态=True，无NPC，无法统计bbox内点数
# 注：如果 carla_connected=False 说明 CARLA 线程还没连上或已断开
[MATCH] frame=34 total_gt=0 detected=0 missed=0 missed_with_pts=0 missed_no_pts=0 false_positive=0
# 帧匹配汇总 | GT总数=0 | 检测到=0 | 漏检=0 | 误报=0
# 漏检中：有点云=0个 | 无点云=0个
# 注：有点云但漏检 → 模型或参数问题；无点云漏检 → 物理或坐标变换问题
# 距离分桶 | 近(0-15m): 0/0 | 中(15-30m): 0/0 | 远(>30m): 0/0

[FRAME] frame=35 ts=1783477395.521 gt_frame=56 ego_pose=False n_pc_pts=6372 n_gt_npc=0 n_obs=0 pc_dt_ms=99.7
# 帧号=35 | 仿真时间=1783477395.521s | GT帧=56 | 点云=6372点 | 帧间隔=99.7ms | CARLA NPC=0个 | 感知障碍物=0个
# 注：感知回调触发写入，点云和GT可能滞后0~2帧（取最新值）
# 注：点云帧间隔应稳定在 100ms（10Hz），如出现 300ms+ 说明有点云丢帧

[GT_EGO] id=197 x=334.961 y=-141.965 z=0.034 yaw=-1.314 vel=0.00
# 自车位姿（Apollo 坐标系）| 位置=(334.96, -141.96, 0.03)m | 朝向=-1.31rad | 速度=0.00m/s
# 注：坐标经 CARLA→Apollo 转换（y取反，yaw取反转弧度）


[PC] total=6372 x=[-25.15,48.17] y=[-45.85,46.58] z=[-4.36,1.68] int_mean=242.9 int_med=246.0 ground_pct=79.6
# 原始点云（LiDAR坐标系）| 总点数=6372 | x范围=[-25.15, 48.17]m | y范围=[-45.85, 46.58]m | z范围=[-4.36, 1.68]m | 强度均值=242.9 | 地面点比例=79.6%
# 注：64线激光雷达 ~13000点/帧 为正常，~6500点可能是 rotation_frequency 偏高（20Hz）
# 注：地面点比例 >70% 说明车体上点少，检测会困难

[PC_ON_NPC] 无CARLA GT数据 carla_connected=True
# 注：CARLA连接状态=True，无NPC，无法统计bbox内点数
# 注：如果 carla_connected=False 说明 CARLA 线程还没连上或已断开
[MATCH] frame=35 total_gt=0 detected=0 missed=0 missed_with_pts=0 missed_no_pts=0 false_positive=0
# 帧匹配汇总 | GT总数=0 | 检测到=0 | 漏检=0 | 误报=0
# 漏检中：有点云=0个 | 无点云=0个
# 注：有点云但漏检 → 模型或参数问题；无点云漏检 → 物理或坐标变换问题
# 距离分桶 | 近(0-15m): 0/0 | 中(15-30m): 0/0 | 远(>30m): 0/0

[FRAME] frame=36 ts=1783477395.629 gt_frame=57 ego_pose=False n_pc_pts=6286 n_gt_npc=0 n_obs=0 pc_dt_ms=100.4
# 帧号=36 | 仿真时间=1783477395.629s | GT帧=57 | 点云=6286点 | 帧间隔=100.4ms | CARLA NPC=0个 | 感知障碍物=0个
# 注：感知回调触发写入，点云和GT可能滞后0~2帧（取最新值）
# 注：点云帧间隔应稳定在 100ms（10Hz），如出现 300ms+ 说明有点云丢帧

[GT_EGO] id=197 x=334.961 y=-141.965 z=0.034 yaw=-1.314 vel=0.00
# 自车位姿（Apollo 坐标系）| 位置=(334.96, -141.96, 0.03)m | 朝向=-1.31rad | 速度=0.00m/s
# 注：坐标经 CARLA→Apollo 转换（y取反，yaw取反转弧度）


[PC] total=6286 x=[-25.15,48.17] y=[-46.12,46.55] z=[-5.02,1.68] int_mean=243.0 int_med=246.0 ground_pct=80.4
# 原始点云（LiDAR坐标系）| 总点数=6286 | x范围=[-25.15, 48.17]m | y范围=[-46.12, 46.55]m | z范围=[-5.02, 1.68]m | 强度均值=243.0 | 地面点比例=80.4%
# 注：64线激光雷达 ~13000点/帧 为正常，~6500点可能是 rotation_frequency 偏高（20Hz）
# 注：地面点比例 >70% 说明车体上点少，检测会困难

[PC_ON_NPC] 无CARLA GT数据 carla_connected=True
# 注：CARLA连接状态=True，无NPC，无法统计bbox内点数
# 注：如果 carla_connected=False 说明 CARLA 线程还没连上或已断开
[MATCH] frame=36 total_gt=0 detected=0 missed=0 missed_with_pts=0 missed_no_pts=0 false_positive=0
# 帧匹配汇总 | GT总数=0 | 检测到=0 | 漏检=0 | 误报=0
# 漏检中：有点云=0个 | 无点云=0个
# 注：有点云但漏检 → 模型或参数问题；无点云漏检 → 物理或坐标变换问题
# 距离分桶 | 近(0-15m): 0/0 | 中(15-30m): 0/0 | 远(>30m): 0/0

[FRAME] frame=37 ts=1783477395.714 gt_frame=58 ego_pose=False n_pc_pts=6272 n_gt_npc=0 n_obs=0 pc_dt_ms=99.8
# 帧号=37 | 仿真时间=1783477395.714s | GT帧=58 | 点云=6272点 | 帧间隔=99.8ms | CARLA NPC=0个 | 感知障碍物=0个
# 注：感知回调触发写入，点云和GT可能滞后0~2帧（取最新值）
# 注：点云帧间隔应稳定在 100ms（10Hz），如出现 300ms+ 说明有点云丢帧

[GT_EGO] id=197 x=334.961 y=-141.965 z=0.034 yaw=-1.314 vel=0.00
# 自车位姿（Apollo 坐标系）| 位置=(334.96, -141.96, 0.03)m | 朝向=-1.31rad | 速度=0.00m/s
# 注：坐标经 CARLA→Apollo 转换（y取反，yaw取反转弧度）


[PC] total=6272 x=[-25.15,47.73] y=[-46.12,49.16] z=[-5.02,1.68] int_mean=242.9 int_med=246.0 ground_pct=80.2
# 原始点云（LiDAR坐标系）| 总点数=6272 | x范围=[-25.15, 47.73]m | y范围=[-46.12, 49.16]m | z范围=[-5.02, 1.68]m | 强度均值=242.9 | 地面点比例=80.2%
# 注：64线激光雷达 ~13000点/帧 为正常，~6500点可能是 rotation_frequency 偏高（20Hz）
# 注：地面点比例 >70% 说明车体上点少，检测会困难

[PC_ON_NPC] 无CARLA GT数据 carla_connected=True
# 注：CARLA连接状态=True，无NPC，无法统计bbox内点数
# 注：如果 carla_connected=False 说明 CARLA 线程还没连上或已断开
[MATCH] frame=37 total_gt=0 detected=0 missed=0 missed_with_pts=0 missed_no_pts=0 false_positive=0
# 帧匹配汇总 | GT总数=0 | 检测到=0 | 漏检=0 | 误报=0
# 漏检中：有点云=0个 | 无点云=0个
# 注：有点云但漏检 → 模型或参数问题；无点云漏检 → 物理或坐标变换问题
# 距离分桶 | 近(0-15m): 0/0 | 中(15-30m): 0/0 | 远(>30m): 0/0

[FRAME] frame=38 ts=1783477395.814 gt_frame=59 ego_pose=False n_pc_pts=6210 n_gt_npc=0 n_obs=0 pc_dt_ms=100.1
# 帧号=38 | 仿真时间=1783477395.814s | GT帧=59 | 点云=6210点 | 帧间隔=100.1ms | CARLA NPC=0个 | 感知障碍物=0个
# 注：感知回调触发写入，点云和GT可能滞后0~2帧（取最新值）
# 注：点云帧间隔应稳定在 100ms（10Hz），如出现 300ms+ 说明有点云丢帧

[GT_EGO] id=197 x=334.961 y=-141.965 z=0.034 yaw=-1.314 vel=0.00
# 自车位姿（Apollo 坐标系）| 位置=(334.96, -141.96, 0.03)m | 朝向=-1.31rad | 速度=0.00m/s
# 注：坐标经 CARLA→Apollo 转换（y取反，yaw取反转弧度）


[PC] total=6210 x=[-24.68,47.57] y=[-45.57,49.16] z=[-5.02,1.27] int_mean=243.0 int_med=246.0 ground_pct=80.8
# 原始点云（LiDAR坐标系）| 总点数=6210 | x范围=[-24.68, 47.57]m | y范围=[-45.57, 49.16]m | z范围=[-5.02, 1.27]m | 强度均值=243.0 | 地面点比例=80.8%
# 注：64线激光雷达 ~13000点/帧 为正常，~6500点可能是 rotation_frequency 偏高（20Hz）
# 注：地面点比例 >70% 说明车体上点少，检测会困难

[PC_ON_NPC] 无CARLA GT数据 carla_connected=True
# 注：CARLA连接状态=True，无NPC，无法统计bbox内点数
# 注：如果 carla_connected=False 说明 CARLA 线程还没连上或已断开
[MATCH] frame=38 total_gt=0 detected=0 missed=0 missed_with_pts=0 missed_no_pts=0 false_positive=0
# 帧匹配汇总 | GT总数=0 | 检测到=0 | 漏检=0 | 误报=0
# 漏检中：有点云=0个 | 无点云=0个
# 注：有点云但漏检 → 模型或参数问题；无点云漏检 → 物理或坐标变换问题
# 距离分桶 | 近(0-15m): 0/0 | 中(15-30m): 0/0 | 远(>30m): 0/0

[FRAME] frame=39 ts=1783477395.926 gt_frame=60 ego_pose=False n_pc_pts=6318 n_gt_npc=0 n_obs=0 pc_dt_ms=100.1
# 帧号=39 | 仿真时间=1783477395.926s | GT帧=60 | 点云=6318点 | 帧间隔=100.1ms | CARLA NPC=0个 | 感知障碍物=0个
# 注：感知回调触发写入，点云和GT可能滞后0~2帧（取最新值）
# 注：点云帧间隔应稳定在 100ms（10Hz），如出现 300ms+ 说明有点云丢帧

[GT_EGO] id=197 x=334.961 y=-141.965 z=0.034 yaw=-1.314 vel=0.00
# 自车位姿（Apollo 坐标系）| 位置=(334.96, -141.96, 0.03)m | 朝向=-1.31rad | 速度=0.00m/s
# 注：坐标经 CARLA→Apollo 转换（y取反，yaw取反转弧度）


[PC] total=6318 x=[-22.82,47.82] y=[-46.08,49.16] z=[-5.02,1.61] int_mean=243.0 int_med=246.0 ground_pct=80.0
# 原始点云（LiDAR坐标系）| 总点数=6318 | x范围=[-22.82, 47.82]m | y范围=[-46.08, 49.16]m | z范围=[-5.02, 1.61]m | 强度均值=243.0 | 地面点比例=80.0%
# 注：64线激光雷达 ~13000点/帧 为正常，~6500点可能是 rotation_frequency 偏高（20Hz）
# 注：地面点比例 >70% 说明车体上点少，检测会困难

[PC_ON_NPC] 无CARLA GT数据 carla_connected=True
# 注：CARLA连接状态=True，无NPC，无法统计bbox内点数
# 注：如果 carla_connected=False 说明 CARLA 线程还没连上或已断开
[MATCH] frame=39 total_gt=0 detected=0 missed=0 missed_with_pts=0 missed_no_pts=0 false_positive=0
# 帧匹配汇总 | GT总数=0 | 检测到=0 | 漏检=0 | 误报=0
# 漏检中：有点云=0个 | 无点云=0个
# 注：有点云但漏检 → 模型或参数问题；无点云漏检 → 物理或坐标变换问题
# 距离分桶 | 近(0-15m): 0/0 | 中(15-30m): 0/0 | 远(>30m): 0/0

[FRAME] frame=40 ts=1783477396.027 gt_frame=61 ego_pose=False n_pc_pts=6287 n_gt_npc=0 n_obs=0 pc_dt_ms=99.5
# 帧号=40 | 仿真时间=1783477396.027s | GT帧=61 | 点云=6287点 | 帧间隔=99.5ms | CARLA NPC=0个 | 感知障碍物=0个
# 注：感知回调触发写入，点云和GT可能滞后0~2帧（取最新值）
# 注：点云帧间隔应稳定在 100ms（10Hz），如出现 300ms+ 说明有点云丢帧

[GT_EGO] id=197 x=334.961 y=-141.965 z=0.034 yaw=-1.314 vel=0.00
# 自车位姿（Apollo 坐标系）| 位置=(334.96, -141.96, 0.03)m | 朝向=-1.31rad | 速度=0.00m/s
# 注：坐标经 CARLA→Apollo 转换（y取反，yaw取反转弧度）


[PC] total=6287 x=[-25.15,48.17] y=[-46.12,49.16] z=[-4.73,1.68] int_mean=243.0 int_med=246.0 ground_pct=80.1
# 原始点云（LiDAR坐标系）| 总点数=6287 | x范围=[-25.15, 48.17]m | y范围=[-46.12, 49.16]m | z范围=[-4.73, 1.68]m | 强度均值=243.0 | 地面点比例=80.1%
# 注：64线激光雷达 ~13000点/帧 为正常，~6500点可能是 rotation_frequency 偏高（20Hz）
# 注：地面点比例 >70% 说明车体上点少，检测会困难

[PC_ON_NPC] 无CARLA GT数据 carla_connected=True
# 注：CARLA连接状态=True，无NPC，无法统计bbox内点数
# 注：如果 carla_connected=False 说明 CARLA 线程还没连上或已断开
[MATCH] frame=40 total_gt=0 detected=0 missed=0 missed_with_pts=0 missed_no_pts=0 false_positive=0
# 帧匹配汇总 | GT总数=0 | 检测到=0 | 漏检=0 | 误报=0
# 漏检中：有点云=0个 | 无点云=0个
# 注：有点云但漏检 → 模型或参数问题；无点云漏检 → 物理或坐标变换问题
# 距离分桶 | 近(0-15m): 0/0 | 中(15-30m): 0/0 | 远(>30m): 0/0

[FRAME] frame=41 ts=1783477396.126 gt_frame=62 ego_pose=False n_pc_pts=6357 n_gt_npc=0 n_obs=0 pc_dt_ms=100.0
# 帧号=41 | 仿真时间=1783477396.126s | GT帧=62 | 点云=6357点 | 帧间隔=100.0ms | CARLA NPC=0个 | 感知障碍物=0个
# 注：感知回调触发写入，点云和GT可能滞后0~2帧（取最新值）
# 注：点云帧间隔应稳定在 100ms（10Hz），如出现 300ms+ 说明有点云丢帧

[GT_EGO] id=197 x=334.961 y=-141.965 z=0.034 yaw=-1.314 vel=0.00
# 自车位姿（Apollo 坐标系）| 位置=(334.96, -141.96, 0.03)m | 朝向=-1.31rad | 速度=0.00m/s
# 注：坐标经 CARLA→Apollo 转换（y取反，yaw取反转弧度）


[PC] total=6357 x=[-25.15,47.82] y=[-46.08,46.58] z=[-4.32,1.68] int_mean=243.1 int_med=246.0 ground_pct=80.1
# 原始点云（LiDAR坐标系）| 总点数=6357 | x范围=[-25.15, 47.82]m | y范围=[-46.08, 46.58]m | z范围=[-4.32, 1.68]m | 强度均值=243.1 | 地面点比例=80.1%
# 注：64线激光雷达 ~13000点/帧 为正常，~6500点可能是 rotation_frequency 偏高（20Hz）
# 注：地面点比例 >70% 说明车体上点少，检测会困难

[PC_ON_NPC] 无CARLA GT数据 carla_connected=True
# 注：CARLA连接状态=True，无NPC，无法统计bbox内点数
# 注：如果 carla_connected=False 说明 CARLA 线程还没连上或已断开
[MATCH] frame=41 total_gt=0 detected=0 missed=0 missed_with_pts=0 missed_no_pts=0 false_positive=0
# 帧匹配汇总 | GT总数=0 | 检测到=0 | 漏检=0 | 误报=0
# 漏检中：有点云=0个 | 无点云=0个
# 注：有点云但漏检 → 模型或参数问题；无点云漏检 → 物理或坐标变换问题
# 距离分桶 | 近(0-15m): 0/0 | 中(15-30m): 0/0 | 远(>30m): 0/0

[FRAME] frame=42 ts=1783477396.217 gt_frame=63 ego_pose=False n_pc_pts=6253 n_gt_npc=0 n_obs=0 pc_dt_ms=99.8
# 帧号=42 | 仿真时间=1783477396.217s | GT帧=63 | 点云=6253点 | 帧间隔=99.8ms | CARLA NPC=0个 | 感知障碍物=0个
# 注：感知回调触发写入，点云和GT可能滞后0~2帧（取最新值）
# 注：点云帧间隔应稳定在 100ms（10Hz），如出现 300ms+ 说明有点云丢帧

[GT_EGO] id=197 x=334.961 y=-141.965 z=0.034 yaw=-1.314 vel=0.00
# 自车位姿（Apollo 坐标系）| 位置=(334.96, -141.96, 0.03)m | 朝向=-1.31rad | 速度=0.00m/s
# 注：坐标经 CARLA→Apollo 转换（y取反，yaw取反转弧度）


[PC] total=6253 x=[-24.68,47.82] y=[-46.08,46.01] z=[-4.73,1.61] int_mean=243.1 int_med=246.0 ground_pct=80.2
# 原始点云（LiDAR坐标系）| 总点数=6253 | x范围=[-24.68, 47.82]m | y范围=[-46.08, 46.01]m | z范围=[-4.73, 1.61]m | 强度均值=243.1 | 地面点比例=80.2%
# 注：64线激光雷达 ~13000点/帧 为正常，~6500点可能是 rotation_frequency 偏高（20Hz）
# 注：地面点比例 >70% 说明车体上点少，检测会困难

[PC_ON_NPC] 无CARLA GT数据 carla_connected=True
# 注：CARLA连接状态=True，无NPC，无法统计bbox内点数
# 注：如果 carla_connected=False 说明 CARLA 线程还没连上或已断开
[MATCH] frame=42 total_gt=0 detected=0 missed=0 missed_with_pts=0 missed_no_pts=0 false_positive=0
# 帧匹配汇总 | GT总数=0 | 检测到=0 | 漏检=0 | 误报=0
# 漏检中：有点云=0个 | 无点云=0个
# 注：有点云但漏检 → 模型或参数问题；无点云漏检 → 物理或坐标变换问题
# 距离分桶 | 近(0-15m): 0/0 | 中(15-30m): 0/0 | 远(>30m): 0/0

[FRAME] frame=43 ts=1783477396.319 gt_frame=64 ego_pose=False n_pc_pts=6277 n_gt_npc=0 n_obs=0 pc_dt_ms=100.3
# 帧号=43 | 仿真时间=1783477396.319s | GT帧=64 | 点云=6277点 | 帧间隔=100.3ms | CARLA NPC=0个 | 感知障碍物=0个
# 注：感知回调触发写入，点云和GT可能滞后0~2帧（取最新值）
# 注：点云帧间隔应稳定在 100ms（10Hz），如出现 300ms+ 说明有点云丢帧

[GT_EGO] id=197 x=334.961 y=-141.965 z=0.034 yaw=-1.314 vel=0.00
# 自车位姿（Apollo 坐标系）| 位置=(334.96, -141.96, 0.03)m | 朝向=-1.31rad | 速度=0.00m/s
# 注：坐标经 CARLA→Apollo 转换（y取反，yaw取反转弧度）


[PC] total=6277 x=[-24.68,47.73] y=[-46.12,46.58] z=[-5.02,1.39] int_mean=243.0 int_med=246.0 ground_pct=80.1
# 原始点云（LiDAR坐标系）| 总点数=6277 | x范围=[-24.68, 47.73]m | y范围=[-46.12, 46.58]m | z范围=[-5.02, 1.39]m | 强度均值=243.0 | 地面点比例=80.1%
# 注：64线激光雷达 ~13000点/帧 为正常，~6500点可能是 rotation_frequency 偏高（20Hz）
# 注：地面点比例 >70% 说明车体上点少，检测会困难

[PC_ON_NPC] 无CARLA GT数据 carla_connected=True
# 注：CARLA连接状态=True，无NPC，无法统计bbox内点数
# 注：如果 carla_connected=False 说明 CARLA 线程还没连上或已断开
[MATCH] frame=43 total_gt=0 detected=0 missed=0 missed_with_pts=0 missed_no_pts=0 false_positive=0
# 帧匹配汇总 | GT总数=0 | 检测到=0 | 漏检=0 | 误报=0
# 漏检中：有点云=0个 | 无点云=0个
# 注：有点云但漏检 → 模型或参数问题；无点云漏检 → 物理或坐标变换问题
# 距离分桶 | 近(0-15m): 0/0 | 中(15-30m): 0/0 | 远(>30m): 0/0

[FRAME] frame=44 ts=1783477396.427 gt_frame=65 ego_pose=False n_pc_pts=6232 n_gt_npc=0 n_obs=0 pc_dt_ms=99.9
# 帧号=44 | 仿真时间=1783477396.427s | GT帧=65 | 点云=6232点 | 帧间隔=99.9ms | CARLA NPC=0个 | 感知障碍物=0个
# 注：感知回调触发写入，点云和GT可能滞后0~2帧（取最新值）
# 注：点云帧间隔应稳定在 100ms（10Hz），如出现 300ms+ 说明有点云丢帧

[GT_EGO] id=197 x=334.961 y=-141.965 z=0.034 yaw=-1.314 vel=0.00
# 自车位姿（Apollo 坐标系）| 位置=(334.96, -141.96, 0.03)m | 朝向=-1.31rad | 速度=0.00m/s
# 注：坐标经 CARLA→Apollo 转换（y取反，yaw取反转弧度）


[PC] total=6232 x=[-24.68,48.17] y=[-46.12,46.55] z=[-4.73,1.30] int_mean=243.1 int_med=246.0 ground_pct=80.4
# 原始点云（LiDAR坐标系）| 总点数=6232 | x范围=[-24.68, 48.17]m | y范围=[-46.12, 46.55]m | z范围=[-4.73, 1.30]m | 强度均值=243.1 | 地面点比例=80.4%
# 注：64线激光雷达 ~13000点/帧 为正常，~6500点可能是 rotation_frequency 偏高（20Hz）
# 注：地面点比例 >70% 说明车体上点少，检测会困难

[PC_ON_NPC] 无CARLA GT数据 carla_connected=True
# 注：CARLA连接状态=True，无NPC，无法统计bbox内点数
# 注：如果 carla_connected=False 说明 CARLA 线程还没连上或已断开
[MATCH] frame=44 total_gt=0 detected=0 missed=0 missed_with_pts=0 missed_no_pts=0 false_positive=0
# 帧匹配汇总 | GT总数=0 | 检测到=0 | 漏检=0 | 误报=0
# 漏检中：有点云=0个 | 无点云=0个
# 注：有点云但漏检 → 模型或参数问题；无点云漏检 → 物理或坐标变换问题
# 距离分桶 | 近(0-15m): 0/0 | 中(15-30m): 0/0 | 远(>30m): 0/0

[FRAME] frame=45 ts=1783477396.536 gt_frame=66 ego_pose=False n_pc_pts=6250 n_gt_npc=0 n_obs=0 pc_dt_ms=99.8
# 帧号=45 | 仿真时间=1783477396.536s | GT帧=66 | 点云=6250点 | 帧间隔=99.8ms | CARLA NPC=0个 | 感知障碍物=0个
# 注：感知回调触发写入，点云和GT可能滞后0~2帧（取最新值）
# 注：点云帧间隔应稳定在 100ms（10Hz），如出现 300ms+ 说明有点云丢帧

[GT_EGO] id=197 x=334.961 y=-141.965 z=0.034 yaw=-1.314 vel=0.00
# 自车位姿（Apollo 坐标系）| 位置=(334.96, -141.96, 0.03)m | 朝向=-1.31rad | 速度=0.00m/s
# 注：坐标经 CARLA→Apollo 转换（y取反，yaw取反转弧度）


[PC] total=6250 x=[-24.68,48.17] y=[-45.57,45.72] z=[-5.02,1.61] int_mean=243.1 int_med=246.0 ground_pct=80.4
# 原始点云（LiDAR坐标系）| 总点数=6250 | x范围=[-24.68, 48.17]m | y范围=[-45.57, 45.72]m | z范围=[-5.02, 1.61]m | 强度均值=243.1 | 地面点比例=80.4%
# 注：64线激光雷达 ~13000点/帧 为正常，~6500点可能是 rotation_frequency 偏高（20Hz）
# 注：地面点比例 >70% 说明车体上点少，检测会困难

[PC_ON_NPC] 无CARLA GT数据 carla_connected=True
# 注：CARLA连接状态=True，无NPC，无法统计bbox内点数
# 注：如果 carla_connected=False 说明 CARLA 线程还没连上或已断开
[MATCH] frame=45 total_gt=0 detected=0 missed=0 missed_with_pts=0 missed_no_pts=0 false_positive=0
# 帧匹配汇总 | GT总数=0 | 检测到=0 | 漏检=0 | 误报=0
# 漏检中：有点云=0个 | 无点云=0个
# 注：有点云但漏检 → 模型或参数问题；无点云漏检 → 物理或坐标变换问题
# 距离分桶 | 近(0-15m): 0/0 | 中(15-30m): 0/0 | 远(>30m): 0/0

[FRAME] frame=46 ts=1783477396.626 gt_frame=67 ego_pose=False n_pc_pts=6325 n_gt_npc=0 n_obs=0 pc_dt_ms=100.4
# 帧号=46 | 仿真时间=1783477396.626s | GT帧=67 | 点云=6325点 | 帧间隔=100.4ms | CARLA NPC=0个 | 感知障碍物=0个
# 注：感知回调触发写入，点云和GT可能滞后0~2帧（取最新值）
# 注：点云帧间隔应稳定在 100ms（10Hz），如出现 300ms+ 说明有点云丢帧

[GT_EGO] id=197 x=334.961 y=-141.965 z=0.034 yaw=-1.314 vel=0.00
# 自车位姿（Apollo 坐标系）| 位置=(334.96, -141.96, 0.03)m | 朝向=-1.31rad | 速度=0.00m/s
# 注：坐标经 CARLA→Apollo 转换（y取反，yaw取反转弧度）


[PC] total=6325 x=[-25.15,47.82] y=[-46.12,49.16] z=[-5.02,1.68] int_mean=242.9 int_med=246.0 ground_pct=80.4
# 原始点云（LiDAR坐标系）| 总点数=6325 | x范围=[-25.15, 47.82]m | y范围=[-46.12, 49.16]m | z范围=[-5.02, 1.68]m | 强度均值=242.9 | 地面点比例=80.4%
# 注：64线激光雷达 ~13000点/帧 为正常，~6500点可能是 rotation_frequency 偏高（20Hz）
# 注：地面点比例 >70% 说明车体上点少，检测会困难

[PC_ON_NPC] 无CARLA GT数据 carla_connected=True
# 注：CARLA连接状态=True，无NPC，无法统计bbox内点数
# 注：如果 carla_connected=False 说明 CARLA 线程还没连上或已断开
[MATCH] frame=46 total_gt=0 detected=0 missed=0 missed_with_pts=0 missed_no_pts=0 false_positive=0
# 帧匹配汇总 | GT总数=0 | 检测到=0 | 漏检=0 | 误报=0
# 漏检中：有点云=0个 | 无点云=0个
# 注：有点云但漏检 → 模型或参数问题；无点云漏检 → 物理或坐标变换问题
# 距离分桶 | 近(0-15m): 0/0 | 中(15-30m): 0/0 | 远(>30m): 0/0

[FRAME] frame=47 ts=1783477396.718 gt_frame=68 ego_pose=False n_pc_pts=6297 n_gt_npc=0 n_obs=0 pc_dt_ms=99.8
# 帧号=47 | 仿真时间=1783477396.718s | GT帧=68 | 点云=6297点 | 帧间隔=99.8ms | CARLA NPC=0个 | 感知障碍物=0个
# 注：感知回调触发写入，点云和GT可能滞后0~2帧（取最新值）
# 注：点云帧间隔应稳定在 100ms（10Hz），如出现 300ms+ 说明有点云丢帧

[GT_EGO] id=197 x=334.961 y=-141.965 z=0.034 yaw=-1.314 vel=0.00
# 自车位姿（Apollo 坐标系）| 位置=(334.96, -141.96, 0.03)m | 朝向=-1.31rad | 速度=0.00m/s
# 注：坐标经 CARLA→Apollo 转换（y取反，yaw取反转弧度）


[PC] total=6297 x=[-25.15,47.15] y=[-46.12,46.58] z=[-4.67,1.68] int_mean=243.1 int_med=246.0 ground_pct=80.2
# 原始点云（LiDAR坐标系）| 总点数=6297 | x范围=[-25.15, 47.15]m | y范围=[-46.12, 46.58]m | z范围=[-4.67, 1.68]m | 强度均值=243.1 | 地面点比例=80.2%
# 注：64线激光雷达 ~13000点/帧 为正常，~6500点可能是 rotation_frequency 偏高（20Hz）
# 注：地面点比例 >70% 说明车体上点少，检测会困难

[PC_ON_NPC] 无CARLA GT数据 carla_connected=True
# 注：CARLA连接状态=True，无NPC，无法统计bbox内点数
# 注：如果 carla_connected=False 说明 CARLA 线程还没连上或已断开
[MATCH] frame=47 total_gt=0 detected=0 missed=0 missed_with_pts=0 missed_no_pts=0 false_positive=0
# 帧匹配汇总 | GT总数=0 | 检测到=0 | 漏检=0 | 误报=0
# 漏检中：有点云=0个 | 无点云=0个
# 注：有点云但漏检 → 模型或参数问题；无点云漏检 → 物理或坐标变换问题
# 距离分桶 | 近(0-15m): 0/0 | 中(15-30m): 0/0 | 远(>30m): 0/0

[FRAME] frame=48 ts=1783477396.812 gt_frame=69 ego_pose=False n_pc_pts=6259 n_gt_npc=0 n_obs=0 pc_dt_ms=100.1
# 帧号=48 | 仿真时间=1783477396.812s | GT帧=69 | 点云=6259点 | 帧间隔=100.1ms | CARLA NPC=0个 | 感知障碍物=0个
# 注：感知回调触发写入，点云和GT可能滞后0~2帧（取最新值）
# 注：点云帧间隔应稳定在 100ms（10Hz），如出现 300ms+ 说明有点云丢帧

[GT_EGO] id=197 x=334.961 y=-141.965 z=0.034 yaw=-1.314 vel=0.00
# 自车位姿（Apollo 坐标系）| 位置=(334.96, -141.96, 0.03)m | 朝向=-1.31rad | 速度=0.00m/s
# 注：坐标经 CARLA→Apollo 转换（y取反，yaw取反转弧度）


[PC] total=6259 x=[-25.15,47.57] y=[-46.12,49.16] z=[-5.02,1.68] int_mean=243.0 int_med=246.0 ground_pct=80.2
# 原始点云（LiDAR坐标系）| 总点数=6259 | x范围=[-25.15, 47.57]m | y范围=[-46.12, 49.16]m | z范围=[-5.02, 1.68]m | 强度均值=243.0 | 地面点比例=80.2%
# 注：64线激光雷达 ~13000点/帧 为正常，~6500点可能是 rotation_frequency 偏高（20Hz）
# 注：地面点比例 >70% 说明车体上点少，检测会困难

[PC_ON_NPC] 无CARLA GT数据 carla_connected=True
# 注：CARLA连接状态=True，无NPC，无法统计bbox内点数
# 注：如果 carla_connected=False 说明 CARLA 线程还没连上或已断开
[MATCH] frame=48 total_gt=0 detected=0 missed=0 missed_with_pts=0 missed_no_pts=0 false_positive=0
# 帧匹配汇总 | GT总数=0 | 检测到=0 | 漏检=0 | 误报=0
# 漏检中：有点云=0个 | 无点云=0个
# 注：有点云但漏检 → 模型或参数问题；无点云漏检 → 物理或坐标变换问题
# 距离分桶 | 近(0-15m): 0/0 | 中(15-30m): 0/0 | 远(>30m): 0/0

[FRAME] frame=49 ts=1783477396.913 gt_frame=70 ego_pose=False n_pc_pts=6213 n_gt_npc=0 n_obs=0 pc_dt_ms=99.8
# 帧号=49 | 仿真时间=1783477396.913s | GT帧=70 | 点云=6213点 | 帧间隔=99.8ms | CARLA NPC=0个 | 感知障碍物=0个
# 注：感知回调触发写入，点云和GT可能滞后0~2帧（取最新值）
# 注：点云帧间隔应稳定在 100ms（10Hz），如出现 300ms+ 说明有点云丢帧

[GT_EGO] id=197 x=334.961 y=-141.965 z=0.034 yaw=-1.314 vel=0.00
# 自车位姿（Apollo 坐标系）| 位置=(334.96, -141.96, 0.03)m | 朝向=-1.31rad | 速度=0.00m/s
# 注：坐标经 CARLA→Apollo 转换（y取反，yaw取反转弧度）


[PC] total=6213 x=[-25.15,48.17] y=[-46.12,49.16] z=[-4.73,1.68] int_mean=243.1 int_med=246.0 ground_pct=80.4
# 原始点云（LiDAR坐标系）| 总点数=6213 | x范围=[-25.15, 48.17]m | y范围=[-46.12, 49.16]m | z范围=[-4.73, 1.68]m | 强度均值=243.1 | 地面点比例=80.4%
# 注：64线激光雷达 ~13000点/帧 为正常，~6500点可能是 rotation_frequency 偏高（20Hz）
# 注：地面点比例 >70% 说明车体上点少，检测会困难

[PC_ON_NPC] 无CARLA GT数据 carla_connected=True
# 注：CARLA连接状态=True，无NPC，无法统计bbox内点数
# 注：如果 carla_connected=False 说明 CARLA 线程还没连上或已断开
[MATCH] frame=49 total_gt=0 detected=0 missed=0 missed_with_pts=0 missed_no_pts=0 false_positive=0
# 帧匹配汇总 | GT总数=0 | 检测到=0 | 漏检=0 | 误报=0
# 漏检中：有点云=0个 | 无点云=0个
# 注：有点云但漏检 → 模型或参数问题；无点云漏检 → 物理或坐标变换问题
# 距离分桶 | 近(0-15m): 0/0 | 中(15-30m): 0/0 | 远(>30m): 0/0

[FRAME] frame=50 ts=1783477397.013 gt_frame=71 ego_pose=False n_pc_pts=6246 n_gt_npc=0 n_obs=0 pc_dt_ms=100.4
# 帧号=50 | 仿真时间=1783477397.013s | GT帧=71 | 点云=6246点 | 帧间隔=100.4ms | CARLA NPC=0个 | 感知障碍物=0个
# 注：感知回调触发写入，点云和GT可能滞后0~2帧（取最新值）
# 注：点云帧间隔应稳定在 100ms（10Hz），如出现 300ms+ 说明有点云丢帧

[GT_EGO] id=197 x=334.961 y=-141.965 z=0.034 yaw=-1.314 vel=0.00
# 自车位姿（Apollo 坐标系）| 位置=(334.96, -141.96, 0.03)m | 朝向=-1.31rad | 速度=0.00m/s
# 注：坐标经 CARLA→Apollo 转换（y取反，yaw取反转弧度）


[PC] total=6246 x=[-25.15,47.17] y=[-46.08,49.16] z=[-4.67,1.68] int_mean=243.0 int_med=246.0 ground_pct=79.6
# 原始点云（LiDAR坐标系）| 总点数=6246 | x范围=[-25.15, 47.17]m | y范围=[-46.08, 49.16]m | z范围=[-4.67, 1.68]m | 强度均值=243.0 | 地面点比例=79.6%
# 注：64线激光雷达 ~13000点/帧 为正常，~6500点可能是 rotation_frequency 偏高（20Hz）
# 注：地面点比例 >70% 说明车体上点少，检测会困难

[PC_ON_NPC] 无CARLA GT数据 carla_connected=True
# 注：CARLA连接状态=True，无NPC，无法统计bbox内点数
# 注：如果 carla_connected=False 说明 CARLA 线程还没连上或已断开
[MATCH] frame=50 total_gt=0 detected=0 missed=0 missed_with_pts=0 missed_no_pts=0 false_positive=0
# 帧匹配汇总 | GT总数=0 | 检测到=0 | 漏检=0 | 误报=0
# 漏检中：有点云=0个 | 无点云=0个
# 注：有点云但漏检 → 模型或参数问题；无点云漏检 → 物理或坐标变换问题
# 距离分桶 | 近(0-15m): 0/0 | 中(15-30m): 0/0 | 远(>30m): 0/0

[FRAME] frame=51 ts=1783477397.120 gt_frame=72 ego_pose=False n_pc_pts=6295 n_gt_npc=0 n_obs=0 pc_dt_ms=100.3
# 帧号=51 | 仿真时间=1783477397.120s | GT帧=72 | 点云=6295点 | 帧间隔=100.3ms | CARLA NPC=0个 | 感知障碍物=0个
# 注：感知回调触发写入，点云和GT可能滞后0~2帧（取最新值）
# 注：点云帧间隔应稳定在 100ms（10Hz），如出现 300ms+ 说明有点云丢帧

[GT_EGO] id=197 x=334.961 y=-141.965 z=0.034 yaw=-1.314 vel=0.00
# 自车位姿（Apollo 坐标系）| 位置=(334.96, -141.96, 0.03)m | 朝向=-1.31rad | 速度=0.00m/s
# 注：坐标经 CARLA→Apollo 转换（y取反，yaw取反转弧度）


[PC] total=6295 x=[-24.68,48.17] y=[-46.08,49.16] z=[-5.02,1.39] int_mean=243.1 int_med=246.0 ground_pct=80.3
# 原始点云（LiDAR坐标系）| 总点数=6295 | x范围=[-24.68, 48.17]m | y范围=[-46.08, 49.16]m | z范围=[-5.02, 1.39]m | 强度均值=243.1 | 地面点比例=80.3%
# 注：64线激光雷达 ~13000点/帧 为正常，~6500点可能是 rotation_frequency 偏高（20Hz）
# 注：地面点比例 >70% 说明车体上点少，检测会困难

[PC_ON_NPC] 无CARLA GT数据 carla_connected=True
# 注：CARLA连接状态=True，无NPC，无法统计bbox内点数
# 注：如果 carla_connected=False 说明 CARLA 线程还没连上或已断开
[MATCH] frame=51 total_gt=0 detected=0 missed=0 missed_with_pts=0 missed_no_pts=0 false_positive=0
# 帧匹配汇总 | GT总数=0 | 检测到=0 | 漏检=0 | 误报=0
# 漏检中：有点云=0个 | 无点云=0个
# 注：有点云但漏检 → 模型或参数问题；无点云漏检 → 物理或坐标变换问题
# 距离分桶 | 近(0-15m): 0/0 | 中(15-30m): 0/0 | 远(>30m): 0/0


================================================================================
[SUMMARY] 汇总分析
================================================================================

[SUMMARY] 运行时间=8s 总帧数=51
# 采集耗时=8s | 总帧数=51 | 平均6.0帧/秒
[SUMMARY] 总NPC-帧记录=0 检测成功=0(0%) 漏检=0(100%)
# 整体检测率=0% | 成功=0次 | 漏检=0次
# 注：检测率 >90% 为良好，<80% 需要排查

[ROOT_CAUSE] 根因判定:
# ═══════════════════════════════════════════
# 综合以上数据，判断问题出在哪个层面：
# ═══════════════════════════════════════════

================================================================================
[SUMMARY_END]

