================================================================================
[CONFIG] P3单机全量采集 - 20260708_102154
[CONFIG] CARLA: 127.0.0.1:2000
[CONFIG] 外参: t=(0.000,0.000,2.175) q=(0.0000,0.0000,0.0000,0.0000)
[CONFIG] 外参文件: /apollo_workspace/modules/drivers/lidar/velodyne/params/velodyne64_novatel_extrinsics.yaml
[CONFIG] 话题: PC=/apollo/sensor/velodyne64/compensator/PointCloud2（P3本地Bridge发布）
[CONFIG] 话题: OBS=/apollo/perception/obstacles（跨机器→Orin）
[CONFIG] 话题: LOC=/apollo/localization/pose（跨机器→Orin）
[CONFIG] CARLA可用: True
================================================================================

# ═══════════════════════════════════════════
# 采集脚本说明
#
# 数据来源：
#   [GT]    CARLA Ground Truth（P3本地只读连接）
#   [PC]    原始点云（P3本地Bridge发布的补偿后点云）
#   [OBS]   Apollo感知结果（跨机器订阅Orin的CenterPoint输出）
#   [LOC]   Apollo定位位姿（跨机器订阅Orin的localization模块）
#
# 标签约定：
#   以 [TAG] 开头的是数据行，可使用 grep '^\[TAG\]' 过滤
#   以 # 开头的是中文注释行，解释字段含义和正常指标范围
#
# 数据流：Bridge tick CARLA → 发点云 → Orin推理 → 感知结果回传
# 注意：感知结果比GT/点云滞后约1~2帧，已取最新值
# ═══════════════════════════════════════════

[CONFIG] CARLA已连接: True

================================================================================
[SUMMARY] 汇总分析
================================================================================

[SUMMARY] 运行时间=26s 总帧数=0
# 采集耗时=26s | 总帧数=0 | 平均0.0帧/秒
[SUMMARY] 总NPC-帧记录=0 检测成功=0(0%) 漏检=0(100%)
# 整体检测率=0% | 成功=0次 | 漏检=0次
# 注：检测率 >90% 为良好，<80% 需要排查

[ROOT_CAUSE] 根因判定:
# ═══════════════════════════════════════════
# 综合以上数据，判断问题出在哪个层面：
# ═══════════════════════════════════════════

================================================================================
[SUMMARY_END]

