2026-07-20 17:31:16,479 INFO Loading config: D:\data\realtime_collision_analysis\config\analysis_config.yaml
2026-07-20 17:31:16,547 INFO Discovered 23 runs
2026-07-20 17:31:22,560 INFO Parsing 202607171703 (1/23)
2026-07-20 17:31:23,158 INFO Parsing 202607171706 (2/23)
2026-07-20 17:31:23,714 INFO Parsing 202607171721 (3/23)
2026-07-20 17:31:24,165 INFO Parsing 202607171726 (4/23)
2026-07-20 17:31:24,628 INFO Parsing 202607171735 (5/23)
2026-07-20 17:31:25,050 INFO Parsing 202607171738 (6/23)
2026-07-20 17:31:25,504 INFO Parsing 202607181815 (7/23)
2026-07-20 17:31:25,954 INFO Parsing 202607181818 (8/23)
2026-07-20 17:31:26,464 INFO Parsing 202607181844 (9/23)
2026-07-20 17:31:26,883 INFO Parsing 202607181854 (10/23)
2026-07-20 17:31:27,234 INFO Parsing 202607181955 (11/23)
2026-07-20 17:31:27,685 INFO Parsing 202607181958 (12/23)
2026-07-20 17:31:27,905 INFO Parsing 202607182007 (13/23)
2026-07-20 17:31:29,283 INFO Parsing 202607182012 (14/23)
2026-07-20 17:31:29,714 INFO Parsing 202607182017 (15/23)
2026-07-20 17:31:30,100 INFO Parsing 202607182021 (16/23)
2026-07-20 17:31:30,504 INFO Parsing 202607182026 (17/23)
2026-07-20 17:31:30,626 INFO Parsing 202607182029 (18/23)
2026-07-20 17:31:31,141 INFO Parsing 202607191727 (19/23)
2026-07-20 17:31:32,381 INFO Parsing 202607191734 (20/23)
2026-07-20 17:31:33,122 INFO Parsing 202607191739 (21/23)
2026-07-20 17:31:33,288 INFO Parsing 202607201555 (22/23)
2026-07-20 17:31:33,625 INFO Parsing 202607201611 (23/23)
2026-07-20 17:31:58,981 INFO Loading config: D:\data\realtime_collision_analysis\config\analysis_config.yaml
2026-07-20 17:31:59,031 INFO Discovered 23 runs
2026-07-20 17:32:04,525 INFO Parsing 202607171703 (1/23)
2026-07-20 17:32:05,127 INFO Parsing 202607171706 (2/23)
2026-07-20 17:32:05,671 INFO Parsing 202607171721 (3/23)
2026-07-20 17:32:06,139 INFO Parsing 202607171726 (4/23)
2026-07-20 17:32:06,613 INFO Parsing 202607171735 (5/23)
2026-07-20 17:32:07,053 INFO Parsing 202607171738 (6/23)
2026-07-20 17:32:07,500 INFO Parsing 202607181815 (7/23)
2026-07-20 17:32:07,948 INFO Parsing 202607181818 (8/23)
2026-07-20 17:32:08,460 INFO Parsing 202607181844 (9/23)
2026-07-20 17:32:08,896 INFO Parsing 202607181854 (10/23)
2026-07-20 17:32:09,296 INFO Parsing 202607181955 (11/23)
2026-07-20 17:32:09,796 INFO Parsing 202607181958 (12/23)
2026-07-20 17:32:10,036 INFO Parsing 202607182007 (13/23)
2026-07-20 17:32:11,401 INFO Parsing 202607182012 (14/23)
2026-07-20 17:32:11,843 INFO Parsing 202607182017 (15/23)
2026-07-20 17:32:12,228 INFO Parsing 202607182021 (16/23)
2026-07-20 17:32:12,623 INFO Parsing 202607182026 (17/23)
2026-07-20 17:32:12,730 INFO Parsing 202607182029 (18/23)
2026-07-20 17:32:13,204 INFO Parsing 202607191727 (19/23)
2026-07-20 17:32:14,476 INFO Parsing 202607191734 (20/23)
2026-07-20 17:32:15,216 INFO Parsing 202607191739 (21/23)
2026-07-20 17:32:15,382 INFO Parsing 202607201555 (22/23)
2026-07-20 17:32:15,715 INFO Parsing 202607201611 (23/23)
2026-07-20 17:32:27,999 INFO Analysis complete; verification=PASS
2026-07-20 17:42:45,725 INFO Loading config: D:\data\realtime_collision_analysis\config\analysis_config.yaml
2026-07-20 17:42:45,786 INFO Discovered 23 runs
2026-07-20 17:42:45,948 INFO Parsing 202607171703 (1/23)
2026-07-20 17:42:46,548 INFO Parsing 202607171706 (2/23)
2026-07-20 17:42:47,097 INFO Parsing 202607171721 (3/23)
2026-07-20 17:42:47,597 INFO Parsing 202607171726 (4/23)
2026-07-20 17:42:48,271 INFO Parsing 202607171735 (5/23)
2026-07-20 17:42:48,915 INFO Parsing 202607171738 (6/23)
2026-07-20 17:42:49,547 INFO Parsing 202607181815 (7/23)
2026-07-20 17:42:50,203 INFO Parsing 202607181818 (8/23)
2026-07-20 17:42:50,940 INFO Parsing 202607181844 (9/23)
2026-07-20 17:42:51,558 INFO Parsing 202607181854 (10/23)
2026-07-20 17:42:52,147 INFO Parsing 202607181955 (11/23)
2026-07-20 17:42:52,846 INFO Parsing 202607181958 (12/23)
2026-07-20 17:42:53,190 INFO Parsing 202607182007 (13/23)
2026-07-20 17:42:55,097 INFO Parsing 202607182012 (14/23)
2026-07-20 17:42:55,619 INFO Parsing 202607182017 (15/23)
2026-07-20 17:42:56,131 INFO Parsing 202607182021 (16/23)
2026-07-20 17:42:56,608 INFO Parsing 202607182026 (17/23)
2026-07-20 17:42:56,788 INFO Parsing 202607182029 (18/23)
2026-07-20 17:42:57,556 INFO Parsing 202607191727 (19/23)
2026-07-20 17:42:59,347 INFO Parsing 202607191734 (20/23)
2026-07-20 17:43:00,400 INFO Parsing 202607191739 (21/23)
2026-07-20 17:43:00,488 INFO Loading config: D:\data\realtime_collision_analysis\config\analysis_config.yaml
2026-07-20 17:43:00,530 INFO Discovered 23 runs
2026-07-20 17:43:00,611 INFO Parsing 202607201555 (22/23)
2026-07-20 17:43:00,705 INFO Parsing 202607171703 (1/23)
2026-07-20 17:43:01,086 INFO Parsing 202607201611 (23/23)
2026-07-20 17:43:01,316 INFO Parsing 202607171706 (2/23)
2026-07-20 17:43:01,865 INFO Parsing 202607171721 (3/23)
2026-07-20 17:43:02,346 INFO Parsing 202607171726 (4/23)
2026-07-20 17:43:02,982 INFO Parsing 202607171735 (5/23)
2026-07-20 17:43:03,556 INFO Parsing 202607171738 (6/23)
2026-07-20 17:43:04,173 INFO Parsing 202607181815 (7/23)
2026-07-20 17:43:04,784 INFO Parsing 202607181818 (8/23)
2026-07-20 17:43:05,401 INFO Parsing 202607181844 (9/23)
2026-07-20 17:43:05,973 INFO Parsing 202607181854 (10/23)
2026-07-20 17:43:06,480 INFO Parsing 202607181955 (11/23)
2026-07-20 17:43:07,112 INFO Parsing 202607181958 (12/23)
2026-07-20 17:43:07,360 INFO Parsing 202607182007 (13/23)
2026-07-20 17:43:09,178 INFO Parsing 202607182012 (14/23)
2026-07-20 17:43:09,765 INFO Parsing 202607182017 (15/23)
2026-07-20 17:43:10,284 INFO Parsing 202607182021 (16/23)
2026-07-20 17:43:10,311 INFO Analysis complete; verification=PASS
2026-07-20 17:43:10,883 INFO Parsing 202607182026 (17/23)
2026-07-20 17:43:11,061 INFO Parsing 202607182029 (18/23)
2026-07-20 17:43:11,813 INFO Parsing 202607191727 (19/23)
2026-07-20 17:43:13,600 INFO Parsing 202607191734 (20/23)
2026-07-20 17:43:14,605 INFO Parsing 202607191739 (21/23)
2026-07-20 17:43:14,811 INFO Parsing 202607201555 (22/23)
2026-07-20 17:43:15,277 INFO Parsing 202607201611 (23/23)
2026-07-20 17:43:25,042 INFO Analysis complete; verification=PASS
2026-07-20 17:55:49,877 INFO Loading config: D:\data\realtime_collision_analysis\config\analysis_config.yaml
2026-07-20 17:55:49,925 INFO Discovered 23 runs
2026-07-20 17:55:55,548 INFO Parsing 202607171703 (1/23)
2026-07-20 17:55:56,371 INFO Parsing 202607171706 (2/23)
2026-07-20 17:55:57,028 INFO Parsing 202607171721 (3/23)
2026-07-20 17:55:57,729 INFO Parsing 202607171726 (4/23)
2026-07-20 17:55:58,396 INFO Parsing 202607171735 (5/23)
2026-07-20 17:55:59,016 INFO Parsing 202607171738 (6/23)
2026-07-20 17:55:59,658 INFO Parsing 202607181815 (7/23)
2026-07-20 17:56:00,248 INFO Parsing 202607181818 (8/23)
2026-07-20 17:56:00,956 INFO Parsing 202607181844 (9/23)
2026-07-20 17:56:01,524 INFO Parsing 202607181854 (10/23)
2026-07-20 17:56:02,079 INFO Parsing 202607181955 (11/23)
2026-07-20 17:56:02,747 INFO Parsing 202607181958 (12/23)
2026-07-20 17:56:03,010 INFO Parsing 202607182007 (13/23)
2026-07-20 17:56:05,035 INFO Parsing 202607182012 (14/23)
2026-07-20 17:56:05,664 INFO Parsing 202607182017 (15/23)
2026-07-20 17:56:06,215 INFO Parsing 202607182021 (16/23)
2026-07-20 17:56:06,731 INFO Parsing 202607182026 (17/23)
2026-07-20 17:56:06,912 INFO Parsing 202607182029 (18/23)
2026-07-20 17:56:07,632 INFO Parsing 202607191727 (19/23)
2026-07-20 17:56:09,431 INFO Parsing 202607191734 (20/23)
2026-07-20 17:56:10,483 INFO Parsing 202607191739 (21/23)
2026-07-20 17:56:10,704 INFO Parsing 202607201555 (22/23)
2026-07-20 17:56:11,185 INFO Parsing 202607201611 (23/23)
2026-07-20 17:56:21,345 INFO Analysis complete; verification=FAIL
2026-07-20 18:01:05,210 INFO Loading config: D:\data\realtime_collision_analysis\config\analysis_config.yaml
2026-07-20 18:01:05,269 INFO Discovered 23 runs
2026-07-20 18:01:10,160 INFO Parsing 202607171703 (1/23)
2026-07-20 18:01:10,780 INFO Parsing 202607171706 (2/23)
2026-07-20 18:01:11,340 INFO Parsing 202607171721 (3/23)
2026-07-20 18:01:11,810 INFO Parsing 202607171726 (4/23)
2026-07-20 18:01:12,301 INFO Parsing 202607171735 (5/23)
2026-07-20 18:01:12,721 INFO Parsing 202607171738 (6/23)
2026-07-20 18:01:13,170 INFO Parsing 202607181815 (7/23)
2026-07-20 18:01:13,608 INFO Parsing 202607181818 (8/23)
2026-07-20 18:01:14,116 INFO Parsing 202607181844 (9/23)
2026-07-20 18:01:14,561 INFO Parsing 202607181854 (10/23)
2026-07-20 18:01:14,930 INFO Parsing 202607181955 (11/23)
2026-07-20 18:01:15,420 INFO Parsing 202607181958 (12/23)
2026-07-20 18:01:15,659 INFO Parsing 202607182007 (13/23)
2026-07-20 18:01:17,019 INFO Parsing 202607182012 (14/23)
2026-07-20 18:01:17,445 INFO Parsing 202607182017 (15/23)
2026-07-20 18:01:17,837 INFO Parsing 202607182021 (16/23)
2026-07-20 18:01:18,221 INFO Parsing 202607182026 (17/23)
2026-07-20 18:01:18,339 INFO Parsing 202607182029 (18/23)
2026-07-20 18:01:18,846 INFO Parsing 202607191727 (19/23)
2026-07-20 18:01:20,055 INFO Parsing 202607191734 (20/23)
2026-07-20 18:01:20,739 INFO Parsing 202607191739 (21/23)
2026-07-20 18:01:20,875 INFO Parsing 202607201555 (22/23)
2026-07-20 18:01:21,196 INFO Parsing 202607201611 (23/23)
2026-07-20 18:01:28,096 INFO Analysis complete; verification=PASS
2026-07-20 18:04:25,425 INFO Loading config: D:\data\realtime_collision_analysis\config\analysis_config.yaml
2026-07-20 18:04:25,472 INFO Discovered 23 runs
2026-07-20 18:04:30,811 INFO Parsing 202607171703 (1/23)
2026-07-20 18:04:31,568 INFO Parsing 202607171706 (2/23)
2026-07-20 18:04:32,251 INFO Parsing 202607171721 (3/23)
2026-07-20 18:04:32,834 INFO Parsing 202607171726 (4/23)
2026-07-20 18:04:33,383 INFO Parsing 202607171735 (5/23)
2026-07-20 18:04:33,889 INFO Parsing 202607171738 (6/23)
2026-07-20 18:04:34,421 INFO Parsing 202607181815 (7/23)
2026-07-20 18:04:34,927 INFO Parsing 202607181818 (8/23)
2026-07-20 18:04:35,482 INFO Parsing 202607181844 (9/23)
2026-07-20 18:04:35,940 INFO Parsing 202607181854 (10/23)
2026-07-20 18:04:36,436 INFO Parsing 202607181955 (11/23)
2026-07-20 18:04:37,024 INFO Parsing 202607181958 (12/23)
2026-07-20 18:04:37,302 INFO Parsing 202607182007 (13/23)
2026-07-20 18:04:38,956 INFO Parsing 202607182012 (14/23)
2026-07-20 18:04:39,494 INFO Parsing 202607182017 (15/23)
2026-07-20 18:04:39,979 INFO Parsing 202607182021 (16/23)
2026-07-20 18:04:40,436 INFO Parsing 202607182026 (17/23)
2026-07-20 18:04:40,565 INFO Parsing 202607182029 (18/23)
2026-07-20 18:04:41,107 INFO Parsing 202607191727 (19/23)
2026-07-20 18:04:42,507 INFO Parsing 202607191734 (20/23)
2026-07-20 18:04:43,325 INFO Parsing 202607191739 (21/23)
2026-07-20 18:04:43,486 INFO Parsing 202607201555 (22/23)
2026-07-20 18:04:43,844 INFO Parsing 202607201611 (23/23)
2026-07-20 18:04:51,456 INFO Analysis complete; verification=PASS
2026-07-20 18:43:21,126 INFO Loading config: D:\data\realtime_collision_analysis\config\analysis_config.yaml
2026-07-20 18:43:21,182 INFO Discovered 23 runs
2026-07-20 18:43:26,322 INFO Parsing 202607171703 (1/23)
2026-07-20 18:43:27,147 INFO Parsing 202607171706 (2/23)
2026-07-20 18:43:27,917 INFO Parsing 202607171721 (3/23)
2026-07-20 18:43:28,523 INFO Parsing 202607171726 (4/23)
2026-07-20 18:43:29,149 INFO Parsing 202607171735 (5/23)
2026-07-20 18:43:29,727 INFO Parsing 202607171738 (6/23)
2026-07-20 18:43:30,324 INFO Parsing 202607181815 (7/23)
2026-07-20 18:43:30,933 INFO Parsing 202607181818 (8/23)
2026-07-20 18:43:31,612 INFO Parsing 202607181844 (9/23)
2026-07-20 18:43:32,192 INFO Parsing 202607181854 (10/23)
2026-07-20 18:43:32,737 INFO Parsing 202607181955 (11/23)
2026-07-20 18:43:33,342 INFO Parsing 202607181958 (12/23)
2026-07-20 18:43:33,669 INFO Parsing 202607182007 (13/23)
2026-07-20 18:43:35,392 INFO Parsing 202607182012 (14/23)
2026-07-20 18:43:35,985 INFO Parsing 202607182017 (15/23)
2026-07-20 18:43:36,489 INFO Parsing 202607182021 (16/23)
2026-07-20 18:43:36,988 INFO Parsing 202607182026 (17/23)
2026-07-20 18:43:37,135 INFO Parsing 202607182029 (18/23)
2026-07-20 18:43:37,838 INFO Parsing 202607191727 (19/23)
2026-07-20 18:43:39,544 INFO Parsing 202607191734 (20/23)
2026-07-20 18:43:40,500 INFO Parsing 202607191739 (21/23)
2026-07-20 18:43:40,674 INFO Parsing 202607201555 (22/23)
2026-07-20 18:43:41,061 INFO Parsing 202607201611 (23/23)
2026-07-20 18:43:50,373 INFO Analysis complete; verification=PASS
2026-07-20 18:47:21,957 INFO Loading config: D:\data\realtime_collision_analysis\config\analysis_config.yaml
2026-07-20 18:47:22,002 INFO Discovered 23 runs
2026-07-20 18:47:27,023 INFO Parsing 202607171703 (1/23)
2026-07-20 18:47:27,912 INFO Parsing 202607171706 (2/23)
2026-07-20 18:47:28,641 INFO Parsing 202607171721 (3/23)
2026-07-20 18:47:29,246 INFO Parsing 202607171726 (4/23)
2026-07-20 18:47:29,891 INFO Parsing 202607171735 (5/23)
2026-07-20 18:47:30,435 INFO Parsing 202607171738 (6/23)
2026-07-20 18:47:31,009 INFO Parsing 202607181815 (7/23)
2026-07-20 18:47:31,662 INFO Parsing 202607181818 (8/23)
2026-07-20 18:47:32,383 INFO Parsing 202607181844 (9/23)
2026-07-20 18:47:33,020 INFO Parsing 202607181854 (10/23)
2026-07-20 18:47:33,545 INFO Parsing 202607181955 (11/23)
2026-07-20 18:47:34,279 INFO Parsing 202607181958 (12/23)
2026-07-20 18:47:34,591 INFO Parsing 202607182007 (13/23)
2026-07-20 18:47:36,393 INFO Parsing 202607182012 (14/23)
2026-07-20 18:47:36,985 INFO Parsing 202607182017 (15/23)
2026-07-20 18:47:37,485 INFO Parsing 202607182021 (16/23)
2026-07-20 18:47:38,047 INFO Parsing 202607182026 (17/23)
2026-07-20 18:47:38,224 INFO Parsing 202607182029 (18/23)
2026-07-20 18:47:38,949 INFO Parsing 202607191727 (19/23)
2026-07-20 18:47:40,612 INFO Parsing 202607191734 (20/23)
2026-07-20 18:47:41,604 INFO Parsing 202607191739 (21/23)
2026-07-20 18:47:41,791 INFO Parsing 202607201555 (22/23)
2026-07-20 18:47:42,225 INFO Parsing 202607201611 (23/23)
2026-07-20 18:47:51,837 INFO Analysis complete; verification=PASS
2026-07-20 19:19:52,041 INFO Loading config: D:\data\realtime_collision_analysis\config\analysis_config.yaml
2026-07-20 19:19:52,088 INFO Discovered 23 runs
2026-07-20 19:19:57,893 INFO Parsing 202607171703 (1/23)
2026-07-20 19:19:58,884 INFO Parsing 202607171706 (2/23)
2026-07-20 19:19:59,780 INFO Parsing 202607171721 (3/23)
2026-07-20 19:20:00,608 INFO Parsing 202607171726 (4/23)
2026-07-20 19:20:01,402 INFO Parsing 202607171735 (5/23)
2026-07-20 19:20:02,142 INFO Parsing 202607171738 (6/23)
2026-07-20 19:20:02,898 INFO Parsing 202607181815 (7/23)
2026-07-20 19:20:03,600 INFO Parsing 202607181818 (8/23)
2026-07-20 19:20:04,435 INFO Parsing 202607181844 (9/23)
2026-07-20 19:20:05,167 INFO Parsing 202607181854 (10/23)
2026-07-20 19:20:05,704 INFO Parsing 202607181955 (11/23)
2026-07-20 19:20:06,547 INFO Parsing 202607181958 (12/23)
2026-07-20 19:20:06,937 INFO Parsing 202607182007 (13/23)
2026-07-20 19:20:09,241 INFO Parsing 202607182012 (14/23)
2026-07-20 19:20:09,923 INFO Parsing 202607182017 (15/23)
2026-07-20 19:20:10,593 INFO Parsing 202607182021 (16/23)
2026-07-20 19:20:11,303 INFO Parsing 202607182026 (17/23)
2026-07-20 19:20:11,517 INFO Parsing 202607182029 (18/23)
2026-07-20 19:20:12,432 INFO Parsing 202607191727 (19/23)
2026-07-20 19:20:14,724 INFO Parsing 202607191734 (20/23)
2026-07-20 19:20:16,043 INFO Parsing 202607191739 (21/23)
2026-07-20 19:20:16,312 INFO Parsing 202607201555 (22/23)
2026-07-20 19:20:16,750 INFO Parsing 202607201611 (23/23)
2026-07-20 19:20:30,829 INFO Analysis complete; verification=PASS
2026-07-22 09:00:42,296 INFO Loading config: D:\data\realtime_collision_analysis\config\analysis_config.yaml
2026-07-22 09:00:42,339 INFO Discovered 23 runs
2026-07-22 09:00:48,806 INFO Parsing 202607171703 (1/23)
2026-07-22 09:00:49,843 INFO Parsing 202607171706 (2/23)
2026-07-22 09:00:50,795 INFO Parsing 202607171721 (3/23)
2026-07-22 09:00:51,553 INFO Parsing 202607171726 (4/23)
2026-07-22 09:00:52,307 INFO Parsing 202607171735 (5/23)
2026-07-22 09:00:53,007 INFO Parsing 202607171738 (6/23)
2026-07-22 09:00:53,788 INFO Parsing 202607181815 (7/23)
2026-07-22 09:00:54,535 INFO Parsing 202607181818 (8/23)
2026-07-22 09:00:55,293 INFO Parsing 202607181844 (9/23)
2026-07-22 09:00:56,017 INFO Parsing 202607181854 (10/23)
2026-07-22 09:00:56,629 INFO Parsing 202607181955 (11/23)
2026-07-22 09:00:57,336 INFO Parsing 202607181958 (12/23)
2026-07-22 09:00:57,748 INFO Parsing 202607182007 (13/23)
2026-07-22 09:00:59,991 INFO Parsing 202607182012 (14/23)
2026-07-22 09:01:00,680 INFO Parsing 202607182017 (15/23)
2026-07-22 09:01:01,318 INFO Parsing 202607182021 (16/23)
2026-07-22 09:01:01,969 INFO Parsing 202607182026 (17/23)
2026-07-22 09:01:02,163 INFO Parsing 202607182029 (18/23)
2026-07-22 09:01:02,987 INFO Parsing 202607191727 (19/23)
2026-07-22 09:01:05,051 INFO Parsing 202607191734 (20/23)
2026-07-22 09:01:06,257 INFO Parsing 202607191739 (21/23)
2026-07-22 09:01:06,492 INFO Parsing 202607201555 (22/23)
2026-07-22 09:01:07,016 INFO Parsing 202607201611 (23/23)
2026-07-22 09:01:20,484 INFO Analysis complete; verification=PASS
2026-07-22 09:22:12,386 INFO Loading config: D:\data\realtime_collision_analysis\config\analysis_config.yaml
2026-07-22 09:22:12,431 INFO Discovered 23 runs
2026-07-22 09:22:17,393 INFO Parsing 202607171703 (1/23)
2026-07-22 09:22:18,112 INFO Parsing 202607171706 (2/23)
2026-07-22 09:22:18,795 INFO Parsing 202607171721 (3/23)
2026-07-22 09:22:19,360 INFO Parsing 202607171726 (4/23)
2026-07-22 09:22:19,912 INFO Parsing 202607171735 (5/23)
2026-07-22 09:22:20,413 INFO Parsing 202607171738 (6/23)
2026-07-22 09:22:20,964 INFO Parsing 202607181815 (7/23)
2026-07-22 09:22:21,508 INFO Parsing 202607181818 (8/23)
2026-07-22 09:22:22,072 INFO Parsing 202607181844 (9/23)
2026-07-22 09:22:22,580 INFO Parsing 202607181854 (10/23)
2026-07-22 09:22:23,026 INFO Parsing 202607181955 (11/23)
2026-07-22 09:22:23,606 INFO Parsing 202607181958 (12/23)
2026-07-22 09:22:23,889 INFO Parsing 202607182007 (13/23)
2026-07-22 09:22:25,538 INFO Parsing 202607182012 (14/23)
2026-07-22 09:22:26,064 INFO Parsing 202607182017 (15/23)
2026-07-22 09:22:26,536 INFO Parsing 202607182021 (16/23)
2026-07-22 09:22:26,994 INFO Parsing 202607182026 (17/23)
2026-07-22 09:22:27,128 INFO Parsing 202607182029 (18/23)
2026-07-22 09:22:27,691 INFO Parsing 202607191727 (19/23)
2026-07-22 09:22:29,142 INFO Parsing 202607191734 (20/23)
2026-07-22 09:22:30,017 INFO Parsing 202607191739 (21/23)
2026-07-22 09:22:30,181 INFO Parsing 202607201555 (22/23)
2026-07-22 09:22:30,556 INFO Parsing 202607201611 (23/23)
2026-07-22 09:22:39,842 INFO Analysis complete; verification=PASS
2026-07-22 09:48:15,170 INFO Loading config: D:\data\realtime_collision_analysis\config\analysis_config.yaml
2026-07-22 09:48:15,210 INFO Discovered 23 runs
2026-07-22 09:48:20,755 INFO Parsing 202607171703 (1/23)
2026-07-22 09:48:21,709 INFO Parsing 202607171706 (2/23)
2026-07-22 09:48:22,542 INFO Parsing 202607171721 (3/23)
2026-07-22 09:48:23,249 INFO Parsing 202607171726 (4/23)
2026-07-22 09:48:23,944 INFO Parsing 202607171735 (5/23)
2026-07-22 09:48:24,600 INFO Parsing 202607171738 (6/23)
2026-07-22 09:48:25,336 INFO Parsing 202607181815 (7/23)
2026-07-22 09:48:26,049 INFO Parsing 202607181818 (8/23)
2026-07-22 09:48:26,856 INFO Parsing 202607181844 (9/23)
2026-07-22 09:48:27,511 INFO Parsing 202607181854 (10/23)
2026-07-22 09:48:28,121 INFO Parsing 202607181955 (11/23)
2026-07-22 09:48:28,837 INFO Parsing 202607181958 (12/23)
2026-07-22 09:48:29,120 INFO Parsing 202607182007 (13/23)
2026-07-22 09:48:30,768 INFO Parsing 202607182012 (14/23)
2026-07-22 09:48:31,266 INFO Parsing 202607182017 (15/23)
2026-07-22 09:48:31,701 INFO Parsing 202607182021 (16/23)
2026-07-22 09:48:32,199 INFO Parsing 202607182026 (17/23)
2026-07-22 09:48:32,334 INFO Parsing 202607182029 (18/23)
2026-07-22 09:48:32,929 INFO Parsing 202607191727 (19/23)
2026-07-22 09:48:34,401 INFO Parsing 202607191734 (20/23)
2026-07-22 09:48:35,234 INFO Parsing 202607191739 (21/23)
2026-07-22 09:48:35,411 INFO Parsing 202607201555 (22/23)
2026-07-22 09:48:35,797 INFO Parsing 202607201611 (23/23)
2026-07-22 09:48:44,820 INFO Analysis complete; verification=PASS
